Archive member included to satisfy reference by file (symbol)

c:/siliconlabs/simplicitystudio/v5_3/developer/toolchains/gnu_arm/12.2.rel1_2023.7/bin/../lib/gcc/arm-none-eabi/12.2.1/thumb/v7e-m+fp/softfp\libgcc.a(_arm_addsubdf3.o)
                              ./wiseconnect3_sdk_3.3.3/components/device/silabs/si91x/mcu/drivers/peripheral_drivers/src/clock_update.o (__aeabi_dadd)
c:/siliconlabs/simplicitystudio/v5_3/developer/toolchains/gnu_arm/12.2.rel1_2023.7/bin/../lib/gcc/arm-none-eabi/12.2.1/thumb/v7e-m+fp/softfp\libgcc.a(_arm_muldivdf3.o)
                              ./wiseconnect3_sdk_3.3.3/components/device/silabs/si91x/mcu/drivers/peripheral_drivers/src/clock_update.o (__aeabi_ddiv)
c:/siliconlabs/simplicitystudio/v5_3/developer/toolchains/gnu_arm/12.2.rel1_2023.7/bin/../lib/gcc/arm-none-eabi/12.2.1/thumb/v7e-m+fp/softfp\libgcc.a(_arm_fixunsdfsi.o)
                              ./wiseconnect3_sdk_3.3.3/components/device/silabs/si91x/mcu/drivers/peripheral_drivers/src/clock_update.o (__aeabi_d2uiz)
c:/siliconlabs/simplicitystudio/v5_3/developer/toolchains/gnu_arm/12.2.rel1_2023.7/bin/../lib/gcc/arm-none-eabi/12.2.1/thumb/v7e-m+fp/softfp\libc_nano.a(libc_a-assert.o)
                              ./wiseconnect3_sdk_3.3.3/components/device/silabs/si91x/wireless/src/sl_si91x_driver.o (__assert_func)
c:/siliconlabs/simplicitystudio/v5_3/developer/toolchains/gnu_arm/12.2.rel1_2023.7/bin/../lib/gcc/arm-none-eabi/12.2.1/thumb/v7e-m+fp/softfp\libc_nano.a(libc_a-calloc.o)
                              ./wiseconnect3_sdk_3.3.3/components/service/mqtt/si91x/sl_mqtt_client.o (calloc)
c:/siliconlabs/simplicitystudio/v5_3/developer/toolchains/gnu_arm/12.2.rel1_2023.7/bin/../lib/gcc/arm-none-eabi/12.2.1/thumb/v7e-m+fp/softfp\libc_nano.a(libc_a-callocr.o)
                              c:/siliconlabs/simplicitystudio/v5_3/developer/toolchains/gnu_arm/12.2.rel1_2023.7/bin/../lib/gcc/arm-none-eabi/12.2.1/thumb/v7e-m+fp/softfp\libc_nano.a(libc_a-calloc.o) (_calloc_r)
c:/siliconlabs/simplicitystudio/v5_3/developer/toolchains/gnu_arm/12.2.rel1_2023.7/bin/../lib/gcc/arm-none-eabi/12.2.1/thumb/v7e-m+fp/softfp\libc_nano.a(libc_a-exit.o)
                              c:/siliconlabs/simplicitystudio/v5_3/developer/toolchains/gnu_arm/12.2.rel1_2023.7/bin/../lib/gcc/arm-none-eabi/12.2.1/thumb/v7e-m+fp/softfp/crt0.o (exit)
c:/siliconlabs/simplicitystudio/v5_3/developer/toolchains/gnu_arm/12.2.rel1_2023.7/bin/../lib/gcc/arm-none-eabi/12.2.1/thumb/v7e-m+fp/softfp\libc_nano.a(libc_a-malloc.o)
                              ./ble_app.o (malloc)
c:/siliconlabs/simplicitystudio/v5_3/developer/toolchains/gnu_arm/12.2.rel1_2023.7/bin/../lib/gcc/arm-none-eabi/12.2.1/thumb/v7e-m+fp/softfp\libc_nano.a(libc_a-mallocr.o)
                              c:/siliconlabs/simplicitystudio/v5_3/developer/toolchains/gnu_arm/12.2.rel1_2023.7/bin/../lib/gcc/arm-none-eabi/12.2.1/thumb/v7e-m+fp/softfp\libc_nano.a(libc_a-callocr.o) (_malloc_r)
c:/siliconlabs/simplicitystudio/v5_3/developer/toolchains/gnu_arm/12.2.rel1_2023.7/bin/../lib/gcc/arm-none-eabi/12.2.1/thumb/v7e-m+fp/softfp\libc_nano.a(libc_a-mlock.o)
                              c:/siliconlabs/simplicitystudio/v5_3/developer/toolchains/gnu_arm/12.2.rel1_2023.7/bin/../lib/gcc/arm-none-eabi/12.2.1/thumb/v7e-m+fp/softfp\libc_nano.a(libc_a-mallocr.o) (__malloc_lock)
c:/siliconlabs/simplicitystudio/v5_3/developer/toolchains/gnu_arm/12.2.rel1_2023.7/bin/../lib/gcc/arm-none-eabi/12.2.1/thumb/v7e-m+fp/softfp\libc_nano.a(libc_a-strtoul.o)
                              ./wiseconnect3_sdk_3.3.3/components/common/src/sl_utility.o (strtoul)
c:/siliconlabs/simplicitystudio/v5_3/developer/toolchains/gnu_arm/12.2.rel1_2023.7/bin/../lib/gcc/arm-none-eabi/12.2.1/thumb/v7e-m+fp/softfp\libc_nano.a(libc_a-ctype_.o)
                              ./simplicity_sdk_2024.6.2/platform/common/src/sl_string.o (_ctype_)
c:/siliconlabs/simplicitystudio/v5_3/developer/toolchains/gnu_arm/12.2.rel1_2023.7/bin/../lib/gcc/arm-none-eabi/12.2.1/thumb/v7e-m+fp/softfp\libc_nano.a(libc_a-nano-vfprintf_float.o)
                              (_printf_float)
c:/siliconlabs/simplicitystudio/v5_3/developer/toolchains/gnu_arm/12.2.rel1_2023.7/bin/../lib/gcc/arm-none-eabi/12.2.1/thumb/v7e-m+fp/softfp\libc_nano.a(libc_a-nano-vfprintf_i.o)
                              c:/siliconlabs/simplicitystudio/v5_3/developer/toolchains/gnu_arm/12.2.rel1_2023.7/bin/../lib/gcc/arm-none-eabi/12.2.1/thumb/v7e-m+fp/softfp\libc_nano.a(libc_a-nano-vfprintf_float.o) (_printf_common)
c:/siliconlabs/simplicitystudio/v5_3/developer/toolchains/gnu_arm/12.2.rel1_2023.7/bin/../lib/gcc/arm-none-eabi/12.2.1/thumb/v7e-m+fp/softfp\libc_nano.a(libc_a-findfp.o)
                              c:/siliconlabs/simplicitystudio/v5_3/developer/toolchains/gnu_arm/12.2.rel1_2023.7/bin/../lib/gcc/arm-none-eabi/12.2.1/thumb/v7e-m+fp/softfp\libc_nano.a(libc_a-exit.o) (__stdio_exit_handler)
[...]
Memory Configuration

Name             Origin             Length             Attributes
rom              0x08202000         0x001fe000         xr
ram              0x0000000c         0x0002fbf4         xrw
udma0            0x0002fc00         0x00000400         xrw
udma1            0x24061c00         0x00000400         xrw
*default*        0x00000000         0xffffffff

Linker script and memory map

LOAD c:/siliconlabs/simplicitystudio/v5_3/developer/toolchains/gnu_arm/12.2.rel1_2023.7/bin/../lib/gcc/arm-none-eabi/12.2.1/thumb/v7e-m+fp/softfp/crti.o
LOAD c:/siliconlabs/simplicitystudio/v5_3/developer/toolchains/gnu_arm/12.2.rel1_2023.7/bin/../lib/gcc/arm-none-eabi/12.2.1/thumb/v7e-m+fp/softfp/crtbegin.o
LOAD c:/siliconlabs/simplicitystudio/v5_3/developer/toolchains/gnu_arm/12.2.rel1_2023.7/bin/../lib/gcc/arm-none-eabi/12.2.1/thumb/v7e-m+fp/softfp/crt0.o
START GROUP
LOAD ./app.o
LOAD ./app_2.o
LOAD ./ble_app.o
LOAD ./main.o
LOAD ./wifi_app.o
LOAD ./autogen/sl_event_handler.o
LOAD ./simplicity_sdk_2024.6.2/platform/CMSIS/RTOS2/Source/os_systick.o
LOAD ./simplicity_sdk_2024.6.2/platform/common/src/sl_assert.o
LOAD ./simplicity_sdk_2024.6.2/platform/common/src/sl_core_cortexm.o
LOAD ./simplicity_sdk_2024.6.2/platform/common/src/sl_slist.o
LOAD ./simplicity_sdk_2024.6.2/platform/common/src/sl_string.o
LOAD ./simplicity_sdk_2024.6.2/platform/common/src/sli_cmsis_os2_ext_task_register.o
LOAD ./simplicity_sdk_2024.6.2/platform/emlib/src/em_core.o
LOAD ./simplicity_sdk_2024.6.2/platform/service/system/src/sl_system_init.o
LOAD ./simplicity_sdk_2024.6.2/platform/service/system/src/sl_system_kernel.o
LOAD ./simplicity_sdk_2024.6.2/util/third_party/freertos/cmsis/Source/cmsis_os2.o
LOAD ./simplicity_sdk_2024.6.2/util/third_party/freertos/kernel/croutine.o
LOAD ./simplicity_sdk_2024.6.2/util/third_party/freertos/kernel/event_groups.o
LOAD ./simplicity_sdk_2024.6.2/util/third_party/freertos/kernel/list.o
LOAD ./simplicity_sdk_2024.6.2/util/third_party/freertos/kernel/queue.o
LOAD ./simplicity_sdk_2024.6.2/util/third_party/freertos/kernel/stream_buffer.o
LOAD ./simplicity_sdk_2024.6.2/util/third_party/freertos/kernel/tasks.o
LOAD ./simplicity_sdk_2024.6.2/util/third_party/freertos/kernel/timers.o
LOAD ./simplicity_sdk_2024.6.2/util/third_party/freertos/kernel/portable/GCC/ARM_CM4F/port.o
LOAD ./simplicity_sdk_2024.6.2/util/third_party/freertos/kernel/portable/MemMang/heap_4.o
LOAD ./wiseconnect3_sdk_3.3.3/components/board/silabs/src/rsi_board.o
LOAD ./wiseconnect3_sdk_3.3.3/components/common/src/sl_utility.o
LOAD ./wiseconnect3_sdk_3.3.3/components/device/silabs/si91x/mcu/core/chip/src/iPMU_prog/iPMU_dotc/ipmu_apis.o
LOAD ./wiseconnect3_sdk_3.3.3/components/device/silabs/si91x/mcu/core/chip/src/iPMU_prog/iPMU_dotc/rsi_system_config_917.o
LOAD ./wiseconnect3_sdk_3.3.3/components/device/silabs/si91x/mcu/core/chip/src/rsi_deepsleep_soc.o
LOAD ./wiseconnect3_sdk_3.3.3/components/device/silabs/si91x/mcu/core/chip/src/rsi_ps_ram_func.o
LOAD ./wiseconnect3_sdk_3.3.3/components/device/silabs/si91x/mcu/core/chip/src/startup_si91x.o
LOAD ./wiseconnect3_sdk_3.3.3/components/device/silabs/si91x/mcu/core/chip/src/system_si91x.o
LOAD ./wiseconnect3_sdk_3.3.3/components/device/silabs/si91x/mcu/core/common/src/rsi_debug.o
LOAD ./wiseconnect3_sdk_3.3.3/components/device/silabs/si91x/mcu/core/common/src/sl_si91x_stack_object_declare.o
LOAD ./wiseconnect3_sdk_3.3.3/components/device/silabs/si91x/mcu/core/common/src/syscalls.o
LOAD ./wiseconnect3_sdk_3.3.3/components/device/silabs/si91x/mcu/core/config/src/rsi_nvic_priorities_config.o
LOAD ./wiseconnect3_sdk_3.3.3/components/device/silabs/si91x/mcu/drivers/cmsis_driver/UDMA.o
LOAD ./wiseconnect3_sdk_3.3.3/components/device/silabs/si91x/mcu/drivers/cmsis_driver/USART.o
LOAD ./wiseconnect3_sdk_3.3.3/components/device/silabs/si91x/mcu/drivers/peripheral_drivers/src/clock_update.o
LOAD ./wiseconnect3_sdk_3.3.3/components/device/silabs/si91x/mcu/drivers/peripheral_drivers/src/rsi_crc.o
LOAD ./wiseconnect3_sdk_3.3.3/components/device/silabs/si91x/mcu/drivers/peripheral_drivers/src/rsi_egpio.o
LOAD ./wiseconnect3_sdk_3.3.3/components/device/silabs/si91x/mcu/drivers/peripheral_drivers/src/rsi_udma.o
LOAD ./wiseconnect3_sdk_3.3.3/components/device/silabs/si91x/mcu/drivers/peripheral_drivers/src/rsi_udma_wrapper.o
LOAD ./wiseconnect3_sdk_3.3.3/components/device/silabs/si91x/mcu/drivers/peripheral_drivers/src/rsi_usart.o
LOAD ./wiseconnect3_sdk_3.3.3/components/device/silabs/si91x/mcu/drivers/systemlevel/src/rsi_ipmu.o
LOAD ./wiseconnect3_sdk_3.3.3/components/device/silabs/si91x/mcu/drivers/systemlevel/src/rsi_pll.o
LOAD ./wiseconnect3_sdk_3.3.3/components/device/silabs/si91x/mcu/drivers/systemlevel/src/rsi_temp_sensor.o
LOAD ./wiseconnect3_sdk_3.3.3/components/device/silabs/si91x/mcu/drivers/systemlevel/src/rsi_ulpss_clk.o
LOAD ./wiseconnect3_sdk_3.3.3/components/device/silabs/si91x/wireless/ahb_interface/src/rsi_hal_mcu_m4_ram.o
LOAD ./wiseconnect3_sdk_3.3.3/components/device/silabs/si91x/wireless/ahb_interface/src/rsi_hal_mcu_m4_rom.o
LOAD ./wiseconnect3_sdk_3.3.3/components/device/silabs/si91x/wireless/ahb_interface/src/sl_platform.o
LOAD ./wiseconnect3_sdk_3.3.3/components/device/silabs/si91x/wireless/ahb_interface/src/sl_platform_wireless.o
LOAD ./wiseconnect3_sdk_3.3.3/components/device/silabs/si91x/wireless/ahb_interface/src/sl_si91x_bus.o
LOAD ./wiseconnect3_sdk_3.3.3/components/device/silabs/si91x/wireless/ahb_interface/src/sl_si91x_timer.o
LOAD ./wiseconnect3_sdk_3.3.3/components/device/silabs/si91x/wireless/ahb_interface/src/sli_siwx917_soc.o
LOAD ./wiseconnect3_sdk_3.3.3/components/device/silabs/si91x/wireless/ble/src/rsi_ble_gap_apis.o
LOAD ./wiseconnect3_sdk_3.3.3/components/device/silabs/si91x/wireless/ble/src/rsi_ble_gatt_apis.o
LOAD ./wiseconnect3_sdk_3.3.3/components/device/silabs/si91x/wireless/ble/src/rsi_bt_ble.o
LOAD ./wiseconnect3_sdk_3.3.3/components/device/silabs/si91x/wireless/ble/src/rsi_bt_common_apis.o
LOAD ./wiseconnect3_sdk_3.3.3/components/device/silabs/si91x/wireless/ble/src/rsi_common_apis.o
LOAD ./wiseconnect3_sdk_3.3.3/components/device/silabs/si91x/wireless/ble/src/rsi_utils.o
LOAD ./wiseconnect3_sdk_3.3.3/components/device/silabs/si91x/wireless/ble/src/sl_si91x_ble.o
LOAD ./wiseconnect3_sdk_3.3.3/components/device/silabs/si91x/wireless/errno/src/sl_si91x_errno.o
LOAD ./wiseconnect3_sdk_3.3.3/components/device/silabs/si91x/wireless/firmware_upgrade/firmware_upgradation.o
LOAD ./wiseconnect3_sdk_3.3.3/components/device/silabs/si91x/wireless/host_mcu/si91x/siwx917_soc_ncp_host.o
LOAD ./wiseconnect3_sdk_3.3.3/components/device/silabs/si91x/wireless/icmp/sl_net_ping.o
LOAD ./wiseconnect3_sdk_3.3.3/components/device/silabs/si91x/wireless/memory/malloc_buffers.o
LOAD ./wiseconnect3_sdk_3.3.3/components/device/silabs/si91x/wireless/sl_net/src/sl_net_rsi_utility.o
LOAD ./wiseconnect3_sdk_3.3.3/components/device/silabs/si91x/wireless/sl_net/src/sl_net_si91x_integration_handler.o
LOAD ./wiseconnect3_sdk_3.3.3/components/device/silabs/si91x/wireless/sl_net/src/sl_si91x_net_credentials.o
LOAD ./wiseconnect3_sdk_3.3.3/components/device/silabs/si91x/wireless/sl_net/src/sl_si91x_net_internal_stack.o
LOAD ./wiseconnect3_sdk_3.3.3/components/device/silabs/si91x/wireless/src/sl_rsi_utility.o
LOAD ./wiseconnect3_sdk_3.3.3/components/device/silabs/si91x/wireless/src/sl_si91x_callback_framework.o
LOAD ./wiseconnect3_sdk_3.3.3/components/device/silabs/si91x/wireless/src/sl_si91x_driver.o
LOAD ./wiseconnect3_sdk_3.3.3/components/device/silabs/si91x/wireless/threading/sli_si91x_multithreaded.o
LOAD ./wiseconnect3_sdk_3.3.3/components/protocol/wifi/si91x/sl_wifi.o
LOAD ./wiseconnect3_sdk_3.3.3/components/protocol/wifi/src/sl_wifi_callback_framework.o
LOAD ./wiseconnect3_sdk_3.3.3/components/service/mqtt/si91x/sl_mqtt_client.o
LOAD ./wiseconnect3_sdk_3.3.3/components/service/network_manager/si91x/sl_net_si91x.o
LOAD ./wiseconnect3_sdk_3.3.3/components/service/network_manager/src/sl_net.o
LOAD ./wiseconnect3_sdk_3.3.3/components/service/network_manager/src/sl_net_basic_certificate_store.o
LOAD ./wiseconnect3_sdk_3.3.3/components/service/network_manager/src/sl_net_basic_credentials.o
LOAD ./wiseconnect3_sdk_3.3.3/components/service/network_manager/src/sl_net_basic_profiles.o
LOAD c:/siliconlabs/simplicitystudio/v5_3/developer/toolchains/gnu_arm/12.2.rel1_2023.7/bin/../lib/gcc/arm-none-eabi/12.2.1/thumb/v7e-m+fp/softfp\libgcc.a
LOAD c:/siliconlabs/simplicitystudio/v5_3/developer/toolchains/gnu_arm/12.2.rel1_2023.7/bin/../lib/gcc/arm-none-eabi/12.2.1/thumb/v7e-m+fp/softfp\libnosys.a
LOAD c:/siliconlabs/simplicitystudio/v5_3/developer/toolchains/gnu_arm/12.2.rel1_2023.7/bin/../lib/gcc/arm-none-eabi/12.2.1/thumb/v7e-m+fp/softfp\libc_nano.a
LOAD c:/siliconlabs/simplicitystudio/v5_3/developer/toolchains/gnu_arm/12.2.rel1_2023.7/bin/../lib/gcc/arm-none-eabi/12.2.1/thumb/v7e-m+fp/softfp\libm.a
END GROUP
START GROUP
LOAD c:/siliconlabs/simplicitystudio/v5_3/developer/toolchains/gnu_arm/12.2.rel1_2023.7/bin/../lib/gcc/arm-none-eabi/12.2.1/thumb/v7e-m+fp/softfp\libgcc.a
LOAD c:/siliconlabs/simplicitystudio/v5_3/developer/toolchains/gnu_arm/12.2.rel1_2023.7/bin/../lib/gcc/arm-none-eabi/12.2.1/thumb/v7e-m+fp/softfp\libc_nano.a
LOAD c:/siliconlabs/simplicitystudio/v5_3/developer/toolchains/gnu_arm/12.2.rel1_2023.7/bin/../lib/gcc/arm-none-eabi/12.2.1/thumb/v7e-m+fp/softfp\libnosys.a
END GROUP
START GROUP
LOAD c:/siliconlabs/simplicitystudio/v5_3/developer/toolchains/gnu_arm/12.2.rel1_2023.7/bin/../lib/gcc/arm-none-eabi/12.2.1/thumb/v7e-m+fp/softfp\libgcc.a
LOAD c:/siliconlabs/simplicitystudio/v5_3/developer/toolchains/gnu_arm/12.2.rel1_2023.7/bin/../lib/gcc/arm-none-eabi/12.2.1/thumb/v7e-m+fp/softfp\libg_nano.a
LOAD c:/siliconlabs/simplicitystudio/v5_3/developer/toolchains/gnu_arm/12.2.rel1_2023.7/bin/../lib/gcc/arm-none-eabi/12.2.1/thumb/v7e-m+fp/softfp\libc_nano.a
END GROUP
START GROUP
LOAD c:/siliconlabs/simplicitystudio/v5_3/developer/toolchains/gnu_arm/12.2.rel1_2023.7/bin/../lib/gcc/arm-none-eabi/12.2.1/thumb/v7e-m+fp/softfp\libgcc.a
LOAD c:/siliconlabs/simplicitystudio/v5_3/developer/toolchains/gnu_arm/12.2.rel1_2023.7/bin/../lib/gcc/arm-none-eabi/12.2.1/thumb/v7e-m+fp/softfp\libc_nano.a
END GROUP
LOAD c:/siliconlabs/simplicitystudio/v5_3/developer/toolchains/gnu_arm/12.2.rel1_2023.7/bin/../lib/gcc/arm-none-eabi/12.2.1/thumb/v7e-m+fp/softfp/crtend.o
LOAD c:/siliconlabs/simplicitystudio/v5_3/developer/toolchains/gnu_arm/12.2.rel1_2023.7/bin/../lib/gcc/arm-none-eabi/12.2.1/thumb/v7e-m+fp/softfp/crtn.o

.text           0x08202000    0x11a2b
 *(.isr_vector)
 .isr_vector    0x08202000      0x16c ./wiseconnect3_sdk_3.3.3/components/device/silabs/si91x/mcu/core/chip/src/startup_si91x.o
                0x08202000                __Vectors
 *(EXCLUDE_FILE(*UDMA.o) .text*)
 .text.deregister_tm_clones
                0x0820216c       0x1c c:/siliconlabs/simplicitystudio/v5_3/developer/toolchains/gnu_arm/12.2.rel1_2023.7/bin/../lib/gcc/arm-none-eabi/12.2.1/thumb/v7e-m+fp/softfp/crtbegin.o
 .text.register_tm_clones
                0x08202188       0x24 c:/siliconlabs/simplicitystudio/v5_3/developer/toolchains/gnu_arm/12.2.rel1_2023.7/bin/../lib/gcc/arm-none-eabi/12.2.1/thumb/v7e-m+fp/softfp/crtbegin.o
 .text.__do_global_dtors_aux
                0x082021ac       0x28 c:/siliconlabs/simplicitystudio/v5_3/developer/toolchains/gnu_arm/12.2.rel1_2023.7/bin/../lib/gcc/arm-none-eabi/12.2.1/thumb/v7e-m+fp/softfp/crtbegin.o
 .text.frame_dummy
                0x082021d4       0x24 c:/siliconlabs/simplicitystudio/v5_3/developer/toolchains/gnu_arm/12.2.rel1_2023.7/bin/../lib/gcc/arm-none-eabi/12.2.1/thumb/v7e-m+fp/softfp/crtbegin.o
 .text.application
                0x082021f8      0x124 ./app.o
                0x082021f8                application
 .text.app_init
                0x0820231c       0x14 ./app.o
                0x0820231c                app_init
 .text.rsi_ble_app_clear_event
                0x08202330       0x14 ./ble_app.o
 .text.rsi_ble_app_set_event
                0x08202344       0x1c ./ble_app.o
 .text.rsi_ble_on_enhance_conn_status_event
                0x08202360       0x30 ./ble_app.o
                0x08202360                rsi_ble_on_enhance_conn_status_event
 .text.rsi_ble_on_remote_features_event
                0x08202390       0x20 ./ble_app.o
                0x08202390                rsi_ble_on_remote_features_event
 .text.rsi_ble_on_disconnect_event
                0x082023b0       0x18 ./ble_app.o
 .text.rsi_ble_on_conn_update_complete_event
                0x082023c8       0x2c ./ble_app.o
                0x082023c8                rsi_ble_on_conn_update_complete_event
 .text.rsi_ble_data_length_change_event
                0x082023f4       0x20 ./ble_app.o
                0x082023f4                rsi_ble_data_length_change_event
 .text.rsi_ble_on_mtu_event
                0x08202414       0x24 ./ble_app.o
 .text.rsi_ble_on_connect_event
                0x08202438       0x18 ./ble_app.o
 .text.rsi_ble_on_gatt_write_event
                0x08202450      0x1b4 ./ble_app.o
 .text.rsi_ble_add_char_val_att.constprop.0
                0x08202604       0x8e ./ble_app.o
 .text.rsi_ble_add_char_serv_att.constprop.0.isra.0
                0x08202692       0x58 ./ble_app.o
 *fill*         0x082026ea        0x2 
 .text.rsi_ble_configurator_init
                0x082026ec      0x210 ./ble_app.o
                0x082026ec                rsi_ble_configurator_init
 .text.rsi_ble_configurator_task
                0x082028fc      0x474 ./ble_app.o
                0x082028fc                rsi_ble_configurator_task
 .text.wifi_app_send_to_ble
                0x08202d70       0x4c ./ble_app.o
                0x08202d70                wifi_app_send_to_ble
 .text.startup.main
                0x08202dbc       0x12 ./main.o
                0x08202dbc                main
 *fill*         0x08202dce        0x2 
 .text.wlan_app_scan_callback_handler
                0x08202dd0      0x198 ./wifi_app.o
                0x08202dd0                wlan_app_scan_callback_handler
 .text.wifi_app_set_event
                0x08202f68       0x1c ./wifi_app.o
                0x08202f68                wifi_app_set_event
 .text.join_callback_handler
                0x08202f84       0x20 ./wifi_app.o
                0x08202f84                join_callback_handler
 .text.wifi_app_clear_event
                0x08202fa4       0x18 ./wifi_app.o
                0x08202fa4                wifi_app_clear_event
 .text.wifi_app_get_event
                0x08202fbc       0x2c ./wifi_app.o
                0x08202fbc                wifi_app_get_event
 .text.wifi_app_task
                0x08202fe8      0x568 ./wifi_app.o
                0x08202fe8                wifi_app_task
 .text.sl_platform_init
                0x08203550       0x1e ./autogen/sl_event_handler.o
                0x08203550                sl_platform_init
 .text.sl_kernel_start
                0x0820356e        0x4 ./autogen/sl_event_handler.o
                0x0820356e                sl_kernel_start
 .text.sl_driver_init
                0x08203572        0x2 ./autogen/sl_event_handler.o
                0x08203572                sl_driver_init
 .text.sl_service_init
                0x08203574        0x2 ./autogen/sl_event_handler.o
                0x08203574                sl_service_init
 .text.sl_stack_init
                0x08203576        0x2 ./autogen/sl_event_handler.o
                0x08203576                sl_stack_init
 .text.sl_internal_app_init
                0x08203578        0x2 ./autogen/sl_event_handler.o
                0x08203578                sl_internal_app_init
 .text.sl_slist_push
                0x0820357a        0x8 ./simplicity_sdk_2024.6.2/platform/common/src/sl_slist.o
                0x0820357a                sl_slist_push
 .text.sl_slist_pop
                0x08203582       0x10 ./simplicity_sdk_2024.6.2/platform/common/src/sl_slist.o
                0x08203582                sl_slist_pop
 .text.sl_slist_remove
                0x08203592       0x18 ./simplicity_sdk_2024.6.2/platform/common/src/sl_slist.o
                0x08203592                sl_slist_remove
 .text.sli_osTaskRegisterSetValue
                0x082035aa        0xa ./simplicity_sdk_2024.6.2/platform/common/src/sli_cmsis_os2_ext_task_register.o
                0x082035aa                sli_osTaskRegisterSetValue
 .text.sl_system_init
                0x082035b4       0x1a ./simplicity_sdk_2024.6.2/platform/service/system/src/sl_system_init.o
                0x082035b4                sl_system_init
 .text.sl_system_kernel_start
                0x082035ce        0x4 ./simplicity_sdk_2024.6.2/platform/service/system/src/sl_system_kernel.o
                0x082035ce                sl_system_kernel_start
 .text.SysTick_Handler
                0x082035d2       0x1a ./simplicity_sdk_2024.6.2/util/third_party/freertos/cmsis/Source/cmsis_os2.o
                0x082035d2                SysTick_Handler
 .text.osKernelInitialize
                0x082035ec       0x34 ./simplicity_sdk_2024.6.2/util/third_party/freertos/cmsis/Source/cmsis_os2.o
                0x082035ec                osKernelInitialize
 .text.osKernelGetState
                0x08203620       0x20 ./simplicity_sdk_2024.6.2/util/third_party/freertos/cmsis/Source/cmsis_os2.o
                0x08203620                osKernelGetState
 .text.osKernelStart
                0x08203640       0x48 ./simplicity_sdk_2024.6.2/util/third_party/freertos/cmsis/Source/cmsis_os2.o
                0x08203640                osKernelStart
 .text.osKernelGetTickCount
                0x08203688       0x28 ./simplicity_sdk_2024.6.2/util/third_party/freertos/cmsis/Source/cmsis_os2.o
                0x08203688                osKernelGetTickCount
 .text.osThreadNew
                0x082036b0       0xa8 ./simplicity_sdk_2024.6.2/util/third_party/freertos/cmsis/Source/cmsis_os2.o
                0x082036b0                osThreadNew
 .text.osThreadYield
                0x08203758       0x3c ./simplicity_sdk_2024.6.2/util/third_party/freertos/cmsis/Source/cmsis_os2.o
                0x08203758                osThreadYield
 .text.osDelay  0x08203794       0x30 ./simplicity_sdk_2024.6.2/util/third_party/freertos/cmsis/Source/cmsis_os2.o
                0x08203794                osDelay
 .text.osEventFlagsNew
                0x082037c4       0x3c ./simplicity_sdk_2024.6.2/util/third_party/freertos/cmsis/Source/cmsis_os2.o
                0x082037c4                osEventFlagsNew
 .text.osEventFlagsSet
                0x08203800       0x70 ./simplicity_sdk_2024.6.2/util/third_party/freertos/cmsis/Source/cmsis_os2.o
                0x08203800                osEventFlagsSet
 .text.osEventFlagsClear
                0x08203870       0x5c ./simplicity_sdk_2024.6.2/util/third_party/freertos/cmsis/Source/cmsis_os2.o
                0x08203870                osEventFlagsClear
 .text.osEventFlagsWait
                0x082038cc       0x70 ./simplicity_sdk_2024.6.2/util/third_party/freertos/cmsis/Source/cmsis_os2.o
                0x082038cc                osEventFlagsWait
 .text.osMutexNew
                0x0820393c       0x94 ./simplicity_sdk_2024.6.2/util/third_party/freertos/cmsis/Source/cmsis_os2.o
                0x0820393c                osMutexNew
 .text.osMutexAcquire
                0x082039d0       0x60 ./simplicity_sdk_2024.6.2/util/third_party/freertos/cmsis/Source/cmsis_os2.o
                0x082039d0                osMutexAcquire
 .text.osMutexRelease
                0x08203a30       0x58 ./simplicity_sdk_2024.6.2/util/third_party/freertos/cmsis/Source/cmsis_os2.o
                0x08203a30                osMutexRelease
 .text.osMutexDelete
                0x08203a88       0x48 ./simplicity_sdk_2024.6.2/util/third_party/freertos/cmsis/Source/cmsis_os2.o
                0x08203a88                osMutexDelete
 .text.osSemaphoreNew
                0x08203ad0       0xb0 ./simplicity_sdk_2024.6.2/util/third_party/freertos/cmsis/Source/cmsis_os2.o
                0x08203ad0                osSemaphoreNew
 .text.osSemaphoreAcquire
                0x08203b80       0x74 ./simplicity_sdk_2024.6.2/util/third_party/freertos/cmsis/Source/cmsis_os2.o
                0x08203b80                osSemaphoreAcquire
 .text.osSemaphoreRelease
                0x08203bf4       0x6c ./simplicity_sdk_2024.6.2/util/third_party/freertos/cmsis/Source/cmsis_os2.o
                0x08203bf4                osSemaphoreRelease
 .text.vApplicationGetIdleTaskMemory
                0x08203c60       0x18 ./simplicity_sdk_2024.6.2/util/third_party/freertos/cmsis/Source/cmsis_os2.o
                0x08203c60                vApplicationGetIdleTaskMemory
 .text.vApplicationGetTimerTaskMemory
                0x08203c78       0x18 ./simplicity_sdk_2024.6.2/util/third_party/freertos/cmsis/Source/cmsis_os2.o
                0x08203c78                vApplicationGetTimerTaskMemory
 .text.xEventGroupCreateStatic
                0x08203c90       0x48 ./simplicity_sdk_2024.6.2/util/third_party/freertos/kernel/event_groups.o
                0x08203c90                xEventGroupCreateStatic
 .text.xEventGroupCreate
                0x08203cd8       0x1c ./simplicity_sdk_2024.6.2/util/third_party/freertos/kernel/event_groups.o
                0x08203cd8                xEventGroupCreate
 .text.xEventGroupWaitBits
                0x08203cf4      0x130 ./simplicity_sdk_2024.6.2/util/third_party/freertos/kernel/event_groups.o
                0x08203cf4                xEventGroupWaitBits
 .text.xEventGroupClearBits
                0x08203e24       0x46 ./simplicity_sdk_2024.6.2/util/third_party/freertos/kernel/event_groups.o
                0x08203e24                xEventGroupClearBits
 .text.vEventGroupClearBitsCallback
                0x08203e6a        0x4 ./simplicity_sdk_2024.6.2/util/third_party/freertos/kernel/event_groups.o
                0x08203e6a                vEventGroupClearBitsCallback
 *fill*         0x08203e6e        0x2 
 .text.xEventGroupClearBitsFromISR
                0x08203e70       0x10 ./simplicity_sdk_2024.6.2/util/third_party/freertos/kernel/event_groups.o
                0x08203e70                xEventGroupClearBitsFromISR
 .text.xEventGroupGetBitsFromISR
                0x08203e80       0x1c ./simplicity_sdk_2024.6.2/util/third_party/freertos/kernel/event_groups.o
                0x08203e80                xEventGroupGetBitsFromISR
 .text.xEventGroupSetBits
                0x08203e9c       0x88 ./simplicity_sdk_2024.6.2/util/third_party/freertos/kernel/event_groups.o
                0x08203e9c                xEventGroupSetBits
 .text.vEventGroupSetBitsCallback
                0x08203f24        0x4 ./simplicity_sdk_2024.6.2/util/third_party/freertos/kernel/event_groups.o
                0x08203f24                vEventGroupSetBitsCallback
 .text.xEventGroupSetBitsFromISR
                0x08203f28       0x10 ./simplicity_sdk_2024.6.2/util/third_party/freertos/kernel/event_groups.o
                0x08203f28                xEventGroupSetBitsFromISR
 .text.vListInitialise
                0x08203f38       0x16 ./simplicity_sdk_2024.6.2/util/third_party/freertos/kernel/list.o
                0x08203f38                vListInitialise
 .text.vListInitialiseItem
                0x08203f4e        0x6 ./simplicity_sdk_2024.6.2/util/third_party/freertos/kernel/list.o
                0x08203f4e                vListInitialiseItem
 .text.vListInsertEnd
                0x08203f54       0x16 ./simplicity_sdk_2024.6.2/util/third_party/freertos/kernel/list.o
                0x08203f54                vListInsertEnd
 .text.vListInsert
                0x08203f6a       0x2e ./simplicity_sdk_2024.6.2/util/third_party/freertos/kernel/list.o
                0x08203f6a                vListInsert
 .text.uxListRemove
                0x08203f98       0x20 ./simplicity_sdk_2024.6.2/util/third_party/freertos/kernel/list.o
                0x08203f98                uxListRemove
 .text.prvIsQueueEmpty
                0x08203fb8       0x16 ./simplicity_sdk_2024.6.2/util/third_party/freertos/kernel/queue.o
 .text.prvCopyDataToQueue
                0x08203fce       0x66 ./simplicity_sdk_2024.6.2/util/third_party/freertos/kernel/queue.o
 .text.prvCopyDataFromQueue
                0x08204034       0x2c ./simplicity_sdk_2024.6.2/util/third_party/freertos/kernel/queue.o
 .text.prvUnlockQueue
                0x08204060       0x70 ./simplicity_sdk_2024.6.2/util/third_party/freertos/kernel/queue.o
 .text.xQueueGenericReset
                0x082040d0       0x7e ./simplicity_sdk_2024.6.2/util/third_party/freertos/kernel/queue.o
                0x082040d0                xQueueGenericReset
 .text.xQueueGenericCreate.part.0
                0x0820414e       0x7a ./simplicity_sdk_2024.6.2/util/third_party/freertos/kernel/queue.o
 .text.xQueueGenericCreateStatic
                0x082041c8       0xa6 ./simplicity_sdk_2024.6.2/util/third_party/freertos/kernel/queue.o
                0x082041c8                xQueueGenericCreateStatic
 .text.xQueueGenericCreate
                0x0820426e       0x18 ./simplicity_sdk_2024.6.2/util/third_party/freertos/kernel/queue.o
                0x0820426e                xQueueGenericCreate
 .text.xQueueCreateCountingSemaphoreStatic
                0x08204286       0x44 ./simplicity_sdk_2024.6.2/util/third_party/freertos/kernel/queue.o
                0x08204286                xQueueCreateCountingSemaphoreStatic
 .text.xQueueCreateCountingSemaphore
                0x082042ca       0x3c ./simplicity_sdk_2024.6.2/util/third_party/freertos/kernel/queue.o
                0x082042ca                xQueueCreateCountingSemaphore
 .text.xQueueGenericSend
                0x08204306      0x178 ./simplicity_sdk_2024.6.2/util/third_party/freertos/kernel/queue.o
                0x08204306                xQueueGenericSend
 .text.xQueueCreateMutexStatic
                0x0820447e       0x2a ./simplicity_sdk_2024.6.2/util/third_party/freertos/kernel/queue.o
                0x0820447e                xQueueCreateMutexStatic
 .text.xQueueGiveMutexRecursive
                0x082044a8       0x3e ./simplicity_sdk_2024.6.2/util/third_party/freertos/kernel/queue.o
                0x082044a8                xQueueGiveMutexRecursive
 .text.xQueueCreateMutex
                0x082044e6       0x24 ./simplicity_sdk_2024.6.2/util/third_party/freertos/kernel/queue.o
                0x082044e6                xQueueCreateMutex
 .text.xQueueGenericSendFromISR
                0x0820450a       0xd0 ./simplicity_sdk_2024.6.2/util/third_party/freertos/kernel/queue.o
                0x0820450a                xQueueGenericSendFromISR
 .text.xQueueGiveFromISR
                0x082045da       0xb8 ./simplicity_sdk_2024.6.2/util/third_party/freertos/kernel/queue.o
                0x082045da                xQueueGiveFromISR
 .text.xQueueReceive
                0x08204692      0x13e ./simplicity_sdk_2024.6.2/util/third_party/freertos/kernel/queue.o
                0x08204692                xQueueReceive
 .text.xQueueSemaphoreTake
                0x082047d0      0x17a ./simplicity_sdk_2024.6.2/util/third_party/freertos/kernel/queue.o
                0x082047d0                xQueueSemaphoreTake
 .text.xQueueTakeMutexRecursive
                0x0820494a       0x42 ./simplicity_sdk_2024.6.2/util/third_party/freertos/kernel/queue.o
                0x0820494a                xQueueTakeMutexRecursive
 .text.xQueueReceiveFromISR
                0x0820498c       0xb0 ./simplicity_sdk_2024.6.2/util/third_party/freertos/kernel/queue.o
                0x0820498c                xQueueReceiveFromISR
 .text.vQueueAddToRegistry
                0x08204a3c       0x24 ./simplicity_sdk_2024.6.2/util/third_party/freertos/kernel/queue.o
                0x08204a3c                vQueueAddToRegistry
 .text.vQueueUnregisterQueue
                0x08204a60       0x30 ./simplicity_sdk_2024.6.2/util/third_party/freertos/kernel/queue.o
                0x08204a60                vQueueUnregisterQueue
 .text.vQueueDelete
                0x08204a90       0x2a ./simplicity_sdk_2024.6.2/util/third_party/freertos/kernel/queue.o
                0x08204a90                vQueueDelete
 .text.vQueueWaitForMessageRestricted
                0x08204aba       0x46 ./simplicity_sdk_2024.6.2/util/third_party/freertos/kernel/queue.o
                0x08204aba                vQueueWaitForMessageRestricted
 .text.prvAddNewTaskToReadyList
                0x08204b00      0x100 ./simplicity_sdk_2024.6.2/util/third_party/freertos/kernel/tasks.o
 .text.prvAddCurrentTaskToDelayedList
                0x08204c00       0x78 ./simplicity_sdk_2024.6.2/util/third_party/freertos/kernel/tasks.o
 .text.prvResetNextTaskUnblockTime
                0x08204c78       0x24 ./simplicity_sdk_2024.6.2/util/third_party/freertos/kernel/tasks.o
 .text.prvDeleteTCB
                0x08204c9c       0x36 ./simplicity_sdk_2024.6.2/util/third_party/freertos/kernel/tasks.o
 *fill*         0x08204cd2        0x2 
 .text.prvIdleTask
                0x08204cd4       0x60 ./simplicity_sdk_2024.6.2/util/third_party/freertos/kernel/tasks.o
 .text.prvInitialiseNewTask.constprop.0
                0x08204d34       0xb0 ./simplicity_sdk_2024.6.2/util/third_party/freertos/kernel/tasks.o
 .text.xTaskCreateStatic
                0x08204de4       0x70 ./simplicity_sdk_2024.6.2/util/third_party/freertos/kernel/tasks.o
                0x08204de4                xTaskCreateStatic
 .text.xTaskCreate
                0x08204e54       0x5c ./simplicity_sdk_2024.6.2/util/third_party/freertos/kernel/tasks.o
                0x08204e54                xTaskCreate
 .text.vTaskStartScheduler
                0x08204eb0       0x90 ./simplicity_sdk_2024.6.2/util/third_party/freertos/kernel/tasks.o
                0x08204eb0                vTaskStartScheduler
 .text.vTaskSuspendAll
                0x08204f40       0x10 ./simplicity_sdk_2024.6.2/util/third_party/freertos/kernel/tasks.o
                0x08204f40                vTaskSuspendAll
 .text.xTaskGetTickCount
                0x08204f50        0xc ./simplicity_sdk_2024.6.2/util/third_party/freertos/kernel/tasks.o
                0x08204f50                xTaskGetTickCount
 .text.xTaskGetTickCountFromISR
                0x08204f5c       0x10 ./simplicity_sdk_2024.6.2/util/third_party/freertos/kernel/tasks.o
                0x08204f5c                xTaskGetTickCountFromISR
 .text.xTaskIncrementTick
                0x08204f6c      0x12c ./simplicity_sdk_2024.6.2/util/third_party/freertos/kernel/tasks.o
                0x08204f6c                xTaskIncrementTick
 .text.xTaskResumeAll
                0x08205098       0xe8 ./simplicity_sdk_2024.6.2/util/third_party/freertos/kernel/tasks.o
                0x08205098                xTaskResumeAll
 .text.vTaskDelay
                0x08205180       0x48 ./simplicity_sdk_2024.6.2/util/third_party/freertos/kernel/tasks.o
                0x08205180                vTaskDelay
 .text.vTaskSwitchContext
                0x082051c8       0x88 ./simplicity_sdk_2024.6.2/util/third_party/freertos/kernel/tasks.o
                0x082051c8                vTaskSwitchContext
 .text.vTaskPlaceOnEventList
                0x08205250       0x34 ./simplicity_sdk_2024.6.2/util/third_party/freertos/kernel/tasks.o
                0x08205250                vTaskPlaceOnEventList
 .text.vTaskPlaceOnUnorderedEventList
                0x08205284       0x58 ./simplicity_sdk_2024.6.2/util/third_party/freertos/kernel/tasks.o
                0x08205284                vTaskPlaceOnUnorderedEventList
 .text.vTaskPlaceOnEventListRestricted
                0x082052dc       0x3c ./simplicity_sdk_2024.6.2/util/third_party/freertos/kernel/tasks.o
                0x082052dc                vTaskPlaceOnEventListRestricted
 .text.xTaskRemoveFromEventList
                0x08205318       0x80 ./simplicity_sdk_2024.6.2/util/third_party/freertos/kernel/tasks.o
                0x08205318                xTaskRemoveFromEventList
 .text.vTaskRemoveFromUnorderedEventList
                0x08205398       0x84 ./simplicity_sdk_2024.6.2/util/third_party/freertos/kernel/tasks.o
                0x08205398                vTaskRemoveFromUnorderedEventList
 .text.vTaskInternalSetTimeOutState
                0x0820541c       0x18 ./simplicity_sdk_2024.6.2/util/third_party/freertos/kernel/tasks.o
                0x0820541c                vTaskInternalSetTimeOutState
 .text.xTaskCheckForTimeOut
                0x08205434       0x90 ./simplicity_sdk_2024.6.2/util/third_party/freertos/kernel/tasks.o
                0x08205434                xTaskCheckForTimeOut
 .text.vTaskMissedYield
                0x082054c4        0xc ./simplicity_sdk_2024.6.2/util/third_party/freertos/kernel/tasks.o
                0x082054c4                vTaskMissedYield
 .text.vTaskSetThreadLocalStoragePointer
                0x082054d0       0x2c ./simplicity_sdk_2024.6.2/util/third_party/freertos/kernel/tasks.o
                0x082054d0                vTaskSetThreadLocalStoragePointer
 .text.xTaskGetCurrentTaskHandle
                0x082054fc        0xc ./simplicity_sdk_2024.6.2/util/third_party/freertos/kernel/tasks.o
                0x082054fc                xTaskGetCurrentTaskHandle
 .text.xTaskGetSchedulerState
                0x08205508       0x20 ./simplicity_sdk_2024.6.2/util/third_party/freertos/kernel/tasks.o
                0x08205508                xTaskGetSchedulerState
 .text.xTaskPriorityInherit
                0x08205528       0x7c ./simplicity_sdk_2024.6.2/util/third_party/freertos/kernel/tasks.o
                0x08205528                xTaskPriorityInherit
 .text.xTaskPriorityDisinherit
                0x082055a4       0x84 ./simplicity_sdk_2024.6.2/util/third_party/freertos/kernel/tasks.o
                0x082055a4                xTaskPriorityDisinherit
 .text.vTaskPriorityDisinheritAfterTimeout
                0x08205628       0x9c ./simplicity_sdk_2024.6.2/util/third_party/freertos/kernel/tasks.o
                0x08205628                vTaskPriorityDisinheritAfterTimeout
 .text.uxTaskResetEventItemValue
                0x082056c4       0x18 ./simplicity_sdk_2024.6.2/util/third_party/freertos/kernel/tasks.o
                0x082056c4                uxTaskResetEventItemValue
 .text.pvTaskIncrementMutexHeldCount
                0x082056dc       0x18 ./simplicity_sdk_2024.6.2/util/third_party/freertos/kernel/tasks.o
                0x082056dc                pvTaskIncrementMutexHeldCount
 .text.prvInsertTimerInActiveList
                0x082056f4       0x3c ./simplicity_sdk_2024.6.2/util/third_party/freertos/kernel/timers.o
 .text.prvCheckForValidListAndQueue
                0x08205730       0x68 ./simplicity_sdk_2024.6.2/util/third_party/freertos/kernel/timers.o
 .text.xTimerCreateTimerTask
                0x08205798       0x64 ./simplicity_sdk_2024.6.2/util/third_party/freertos/kernel/timers.o
                0x08205798                xTimerCreateTimerTask
 .text.xTimerGenericCommand
                0x082057fc       0x58 ./simplicity_sdk_2024.6.2/util/third_party/freertos/kernel/timers.o
                0x082057fc                xTimerGenericCommand
 .text.prvSampleTimeNow
                0x08205854       0xa4 ./simplicity_sdk_2024.6.2/util/third_party/freertos/kernel/timers.o
 .text.prvTimerTask
                0x082058f8      0x1cc ./simplicity_sdk_2024.6.2/util/third_party/freertos/kernel/timers.o
 .text.xTimerPendFunctionCallFromISR
                0x08205ac4       0x28 ./simplicity_sdk_2024.6.2/util/third_party/freertos/kernel/timers.o
                0x08205ac4                xTimerPendFunctionCallFromISR
 .text.prvPortStartFirstTask
                0x08205aec       0x28 ./simplicity_sdk_2024.6.2/util/third_party/freertos/kernel/portable/GCC/ARM_CM4F/port.o
 .text.vPortEnableVFP
                0x08205b14       0x14 ./simplicity_sdk_2024.6.2/util/third_party/freertos/kernel/portable/GCC/ARM_CM4F/port.o
 .text.prvTaskExitError
                0x08205b28       0x40 ./simplicity_sdk_2024.6.2/util/third_party/freertos/kernel/portable/GCC/ARM_CM4F/port.o
 .text.pxPortInitialiseStack
                0x08205b68       0x2c ./simplicity_sdk_2024.6.2/util/third_party/freertos/kernel/portable/GCC/ARM_CM4F/port.o
                0x08205b68                pxPortInitialiseStack
 *fill*         0x08205b94        0xc 
 .text.SVC_Handler
                0x08205ba0       0x24 ./simplicity_sdk_2024.6.2/util/third_party/freertos/kernel/portable/GCC/ARM_CM4F/port.o
                0x08205ba0                SVC_Handler
 .text.vPortEnterCritical
                0x08205bc4       0x40 ./simplicity_sdk_2024.6.2/util/third_party/freertos/kernel/portable/GCC/ARM_CM4F/port.o
                0x08205bc4                vPortEnterCritical
 .text.vPortExitCritical
                0x08205c04       0x28 ./simplicity_sdk_2024.6.2/util/third_party/freertos/kernel/portable/GCC/ARM_CM4F/port.o
                0x08205c04                vPortExitCritical
 *fill*         0x08205c2c        0x4 
 .text.PendSV_Handler
                0x08205c30       0x64 ./simplicity_sdk_2024.6.2/util/third_party/freertos/kernel/portable/GCC/ARM_CM4F/port.o
                0x08205c30                PendSV_Handler
 .text.xPortSysTickHandler
                0x08205c94       0x2c ./simplicity_sdk_2024.6.2/util/third_party/freertos/kernel/portable/GCC/ARM_CM4F/port.o
                0x08205c94                xPortSysTickHandler
 .text.vPortSetupTimerInterrupt
                0x08205cc0       0x24 ./simplicity_sdk_2024.6.2/util/third_party/freertos/kernel/portable/GCC/ARM_CM4F/port.o
                0x08205cc0                vPortSetupTimerInterrupt
 .text.xPortStartScheduler
                0x08205ce4      0x10c ./simplicity_sdk_2024.6.2/util/third_party/freertos/kernel/portable/GCC/ARM_CM4F/port.o
                0x08205ce4                xPortStartScheduler
 .text.vPortValidateInterruptPriority
                0x08205df0       0x5c ./simplicity_sdk_2024.6.2/util/third_party/freertos/kernel/portable/GCC/ARM_CM4F/port.o
                0x08205df0                vPortValidateInterruptPriority
 .text.prvInsertBlockIntoFreeList
                0x08205e4c       0x50 ./simplicity_sdk_2024.6.2/util/third_party/freertos/kernel/portable/MemMang/heap_4.o
 .text.pvPortMalloc
                0x08205e9c      0x134 ./simplicity_sdk_2024.6.2/util/third_party/freertos/kernel/portable/MemMang/heap_4.o
                0x08205e9c                pvPortMalloc
 .text.vPortFree
                0x08205fd0       0x7c ./simplicity_sdk_2024.6.2/util/third_party/freertos/kernel/portable/MemMang/heap_4.o
                0x08205fd0                vPortFree
 .text.RSI_Board_Init
                0x0820604c       0x5c ./wiseconnect3_sdk_3.3.3/components/board/silabs/src/rsi_board.o
                0x0820604c                RSI_Board_Init
 .text.print_sl_ipv4_address
                0x082060a8       0x1c ./wiseconnect3_sdk_3.3.3/components/common/src/sl_utility.o
                0x082060a8                print_sl_ipv4_address
 .text.little_to_big_endian
                0x082060c4       0x2e ./wiseconnect3_sdk_3.3.3/components/common/src/sl_utility.o
                0x082060c4                little_to_big_endian
 *fill*         0x082060f2        0x2 
 .text.sl_inet_ntop6
                0x082060f4      0x144 ./wiseconnect3_sdk_3.3.3/components/common/src/sl_utility.o
                0x082060f4                sl_inet_ntop6
 .text.print_sl_ipv6_address
                0x08206238       0x2c ./wiseconnect3_sdk_3.3.3/components/common/src/sl_utility.o
                0x08206238                print_sl_ipv6_address
 .text.print_sl_ip_address
                0x08206264       0x16 ./wiseconnect3_sdk_3.3.3/components/common/src/sl_utility.o
                0x08206264                print_sl_ip_address
 *fill*         0x0820627a        0x2 
 .text.print_firmware_version
                0x0820627c       0x2c ./wiseconnect3_sdk_3.3.3/components/common/src/sl_utility.o
                0x0820627c                print_firmware_version
 .text.sl_redirect_log
                0x082062a8        0x6 ./wiseconnect3_sdk_3.3.3/components/common/src/sl_utility.o
                0x082062a8                sl_redirect_log
 *fill*         0x082062ae        0x2 
 .text.init_ipmu_calib_data
                0x082062b0       0x54 ./wiseconnect3_sdk_3.3.3/components/device/silabs/si91x/mcu/core/chip/src/iPMU_prog/iPMU_dotc/ipmu_apis.o
                0x082062b0                init_ipmu_calib_data
 .text.program_ipmu_data
                0x08206304       0x54 ./wiseconnect3_sdk_3.3.3/components/device/silabs/si91x/mcu/core/chip/src/iPMU_prog/iPMU_dotc/ipmu_apis.o
                0x08206304                program_ipmu_data
 .text.ipmu_init_mcu
                0x08206358       0x94 ./wiseconnect3_sdk_3.3.3/components/device/silabs/si91x/mcu/core/chip/src/iPMU_prog/iPMU_dotc/ipmu_apis.o
                0x08206358                ipmu_init_mcu
 .text.ipmu_init
                0x082063ec       0xa8 ./wiseconnect3_sdk_3.3.3/components/device/silabs/si91x/mcu/core/chip/src/iPMU_prog/iPMU_dotc/ipmu_apis.o
                0x082063ec                ipmu_init
 .text.configure_ipmu_mode
                0x08206494       0x38 ./wiseconnect3_sdk_3.3.3/components/device/silabs/si91x/mcu/core/chip/src/iPMU_prog/iPMU_dotc/ipmu_apis.o
                0x08206494                configure_ipmu_mode
 .text.RSI_PS_RestoreCpuContext
                0x082064cc       0x34 ./wiseconnect3_sdk_3.3.3/components/device/silabs/si91x/mcu/core/chip/src/rsi_deepsleep_soc.o
                0x082064cc                RSI_PS_RestoreCpuContext
 .text.RSI_Set_Cntrls_To_M4
                0x08206500       0x50 ./wiseconnect3_sdk_3.3.3/components/device/silabs/si91x/mcu/core/chip/src/rsi_deepsleep_soc.o
                0x08206500                RSI_Set_Cntrls_To_M4
 .text.Default_Handler
                0x08206550        0x2 ./wiseconnect3_sdk_3.3.3/components/device/silabs/si91x/mcu/core/chip/src/startup_si91x.o
                0x08206550                DebugMon_Handler
                0x08206550                IRQ031_Handler
                0x08206550                HardFault_Handler
                0x08206550                IRQ058_Handler
                0x08206550                IRQ095_Handler
                0x08206550                IRQ065_Handler
                0x08206550                IRQ019_Handler
                0x08206550                IRQ056_Handler
                0x08206550                IRQ093_Handler
                0x08206550                NMI_Handler
                0x08206550                IRQ011_Handler
                0x08206550                IRQ014_Handler
                0x08206550                IRQ051_Handler
                0x08206550                IRQ027_Handler
                0x08206550                IRQ062_Handler
                0x08206550                IRQ097_Handler
                0x08206550                IRQ088_Handler
                0x08206550                IRQ034_Handler
                0x08206550                IRQ071_Handler
                0x08206550                IRQ067_Handler
                0x08206550                IRQ070_Handler
                0x08206550                IRQ077_Handler
                0x08206550                IRQ028_Handler
                0x08206550                IRQ063_Handler
                0x08206550                IRQ076_Handler
                0x08206550                UsageFault_Handler
                0x08206550                IRQ023_Handler
                0x08206550                IRQ009_Handler
                0x08206550                IRQ048_Handler
                0x08206550                IRQ083_Handler
                0x08206550                IRQ089_Handler
                0x08206550                HIF1_IRQHandler
                0x08206550                IRQ037_Handler
                0x08206550                IRQ072_Handler
                0x08206550                IRQ021_Handler
                0x08206550                IRQ008_Handler
                0x08206550                IRQ047_Handler
                0x08206550                IRQ082_Handler
                0x08206550                IRQ022_Handler
                0x08206550                IRQ007_Handler
                0x08206550                IRQ046_Handler
                0x08206550                IRQ081_Handler
                0x08206550                IRQ004_Handler
                0x08206550                IRQ043_Handler
                0x08206550                IRQ002_Handler
                0x08206550                IRQ041_Handler
                0x08206550                IRQ098_Handler
                0x08206550                IRQ000_Handler
                0x08206550                IRQ005_Handler
                0x08206550                IRQ044_Handler
                0x08206550                IRQ049_Handler
                0x08206550                IRQ084_Handler
                0x08206550                IRQ006_Handler
                0x08206550                IRQ045_Handler
                0x08206550                IRQ080_Handler
                0x08206550                IRQ015_Handler
                0x08206550                IRQ052_Handler
                0x08206550                MemManage_Handler
                0x08206550                HIF2_IRQHandler
                0x08206550                IRQ001_Handler
                0x08206550                IRQ040_Handler
                0x08206550                IRQ068_Handler
                0x08206550                IRQ059_Handler
                0x08206550                IRQ096_Handler
                0x08206550                IRQ003_Handler
                0x08206550                IRQ042_Handler
                0x08206550                IRQ024_Handler
                0x08206550                IRQ016_Handler
                0x08206550                IRQ053_Handler
                0x08206550                IRQ090_Handler
                0x08206550                IRQ078_Handler
                0x08206550                IRQ032_Handler
                0x08206550                IRQ020_Handler
                0x08206550                IRQ073_Handler
                0x08206550                IRQ018_Handler
                0x08206550                IRQ055_Handler
                0x08206550                IRQ092_Handler
                0x08206550                IRQ087_Handler
                0x08206550                IRQ026_Handler
                0x08206550                IRQ061_Handler
                0x08206550                IRQ025_Handler
                0x08206550                IRQ060_Handler
                0x08206550                IRQ085_Handler
                0x08206550                IRQ013_Handler
                0x08206550                IRQ050_Handler
                0x08206550                IRQ030_Handler
                0x08206550                IRQ029_Handler
                0x08206550                IRQ064_Handler
                0x08206550                IRQ066_Handler
                0x08206550                IRQ017_Handler
                0x08206550                IRQ054_Handler
                0x08206550                IRQ091_Handler
                0x08206550                BusFault_Handler
                0x08206550                IRQ069_Handler
                0x08206550                IRQ075_Handler
                0x08206550                IRQ086_Handler
                0x08206550                IRQ057_Handler
                0x08206550                IRQ094_Handler
                0x08206550                IRQ079_Handler
 .text.Default_Reset_Handler
                0x08206552        0x2 ./wiseconnect3_sdk_3.3.3/components/device/silabs/si91x/mcu/core/chip/src/startup_si91x.o
                0x08206552                Default_Reset_Handler
                0x08206552                Reset_Handler
 .text.Copy_Table
                0x08206554       0x24 ./wiseconnect3_sdk_3.3.3/components/device/silabs/si91x/mcu/core/chip/src/startup_si91x.o
                0x08206554                Copy_Table
 .text.Zero_Table
                0x08206578       0x24 ./wiseconnect3_sdk_3.3.3/components/device/silabs/si91x/mcu/core/chip/src/startup_si91x.o
                0x08206578                Zero_Table
 .text.RSI_Default_Reset_Handler
                0x0820659c       0x16 ./wiseconnect3_sdk_3.3.3/components/device/silabs/si91x/mcu/core/chip/src/startup_si91x.o
                0x0820659c                RSI_Default_Reset_Handler
 *fill*         0x082065b2        0x2 
 .text.SystemCoreClockUpdate
                0x082065b4      0x128 ./wiseconnect3_sdk_3.3.3/components/device/silabs/si91x/mcu/core/chip/src/system_si91x.o
                0x082065b4                SystemCoreClockUpdate
 .text.fpuInit  0x082066dc       0x44 ./wiseconnect3_sdk_3.3.3/components/device/silabs/si91x/mcu/core/chip/src/system_si91x.o
                0x082066dc                fpuInit
 .text.SystemInit
                0x08206720       0xe4 ./wiseconnect3_sdk_3.3.3/components/device/silabs/si91x/mcu/core/chip/src/system_si91x.o
                0x08206720                SystemInit
 .text.ARM_UART_SignalEvent
                0x08206804       0x24 ./wiseconnect3_sdk_3.3.3/components/device/silabs/si91x/mcu/core/common/src/rsi_debug.o
                0x08206804                ARM_UART_SignalEvent
 .text.Board_Debug_Init
                0x08206828       0x5c ./wiseconnect3_sdk_3.3.3/components/device/silabs/si91x/mcu/core/common/src/rsi_debug.o
                0x08206828                Board_Debug_Init
 .text.Board_UARTGetChar
                0x08206884       0x30 ./wiseconnect3_sdk_3.3.3/components/device/silabs/si91x/mcu/core/common/src/rsi_debug.o
                0x08206884                Board_UARTGetChar
 .text.Board_UARTPutChar
                0x082068b4       0x30 ./wiseconnect3_sdk_3.3.3/components/device/silabs/si91x/mcu/core/common/src/rsi_debug.o
                0x082068b4                Board_UARTPutChar
 .text.read_exclude_space
                0x082068e4       0x20 ./wiseconnect3_sdk_3.3.3/components/device/silabs/si91x/mcu/core/common/src/syscalls.o
 .text._getpid  0x08206904        0x4 ./wiseconnect3_sdk_3.3.3/components/device/silabs/si91x/mcu/core/common/src/syscalls.o
                0x08206904                _getpid
 .text._kill    0x08206908       0x10 ./wiseconnect3_sdk_3.3.3/components/device/silabs/si91x/mcu/core/common/src/syscalls.o
                0x08206908                _kill
 .text._exit    0x08206918        0xc ./wiseconnect3_sdk_3.3.3/components/device/silabs/si91x/mcu/core/common/src/syscalls.o
                0x08206918                _exit
 .text._write   0x08206924       0x44 ./wiseconnect3_sdk_3.3.3/components/device/silabs/si91x/mcu/core/common/src/syscalls.o
                0x08206924                _write
 .text._close   0x08206968        0x6 ./wiseconnect3_sdk_3.3.3/components/device/silabs/si91x/mcu/core/common/src/syscalls.o
                0x08206968                _close
 .text._fstat   0x0820696e        0xa ./wiseconnect3_sdk_3.3.3/components/device/silabs/si91x/mcu/core/common/src/syscalls.o
                0x0820696e                _fstat
 .text._isatty  0x08206978        0x4 ./wiseconnect3_sdk_3.3.3/components/device/silabs/si91x/mcu/core/common/src/syscalls.o
                0x08206978                _isatty
 .text._lseek   0x0820697c        0x4 ./wiseconnect3_sdk_3.3.3/components/device/silabs/si91x/mcu/core/common/src/syscalls.o
                0x0820697c                _lseek
 .text._read    0x08206980      0x30c ./wiseconnect3_sdk_3.3.3/components/device/silabs/si91x/mcu/core/common/src/syscalls.o
                0x08206980                _read
 .text.sl_si91x_device_init_nvic
                0x08206c8c       0x18 ./wiseconnect3_sdk_3.3.3/components/device/silabs/si91x/mcu/core/config/src/rsi_nvic_priorities_config.o
                0x08206c8c                sl_si91x_device_init_nvic
 .text.ARM_USARTx_GetVersion
                0x08206ca4       0x20 ./wiseconnect3_sdk_3.3.3/components/device/silabs/si91x/mcu/drivers/cmsis_driver/USART.o
                0x08206ca4                ARM_USARTx_GetVersion
 .text.ARM_ULP_UART_GetCapabilities
                0x08206cc4        0xc ./wiseconnect3_sdk_3.3.3/components/device/silabs/si91x/mcu/drivers/cmsis_driver/USART.o
 .text.ARM_ULP_UART_GetModemStatus
                0x08206cd0        0xc ./wiseconnect3_sdk_3.3.3/components/device/silabs/si91x/mcu/drivers/cmsis_driver/USART.o
 .text.ARM_ULP_UART_SetModemControl
                0x08206cdc        0xc ./wiseconnect3_sdk_3.3.3/components/device/silabs/si91x/mcu/drivers/cmsis_driver/USART.o
 .text.ARM_ULP_UART_GetStatus
                0x08206ce8        0xc ./wiseconnect3_sdk_3.3.3/components/device/silabs/si91x/mcu/drivers/cmsis_driver/USART.o
 .text.ARM_ULP_UART_Control
                0x08206cf4       0x34 ./wiseconnect3_sdk_3.3.3/components/device/silabs/si91x/mcu/drivers/cmsis_driver/USART.o
 .text.ARM_ULP_UART_GetRxCount
                0x08206d28        0xc ./wiseconnect3_sdk_3.3.3/components/device/silabs/si91x/mcu/drivers/cmsis_driver/USART.o
 .text.ARM_ULP_UART_GetTxCount
                0x08206d34        0xc ./wiseconnect3_sdk_3.3.3/components/device/silabs/si91x/mcu/drivers/cmsis_driver/USART.o
 .text.ARM_ULP_UART_Transfer
                0x08206d40       0x54 ./wiseconnect3_sdk_3.3.3/components/device/silabs/si91x/mcu/drivers/cmsis_driver/USART.o
 .text.ARM_ULP_UART_Receive
                0x08206d94       0x48 ./wiseconnect3_sdk_3.3.3/components/device/silabs/si91x/mcu/drivers/cmsis_driver/USART.o
 .text.ARM_ULP_UART_Send
                0x08206ddc       0x48 ./wiseconnect3_sdk_3.3.3/components/device/silabs/si91x/mcu/drivers/cmsis_driver/USART.o
 .text.ARM_ULP_UART_PowerControl
                0x08206e24       0x18 ./wiseconnect3_sdk_3.3.3/components/device/silabs/si91x/mcu/drivers/cmsis_driver/USART.o
 .text.ARM_ULP_UART_Uninitialize
                0x08206e3c       0x1c ./wiseconnect3_sdk_3.3.3/components/device/silabs/si91x/mcu/drivers/cmsis_driver/USART.o
 .text.ARM_ULP_UART_Initialize
                0x08206e58       0x30 ./wiseconnect3_sdk_3.3.3/components/device/silabs/si91x/mcu/drivers/cmsis_driver/USART.o
 .text.IRQ038_Handler
                0x08206e88        0xc ./wiseconnect3_sdk_3.3.3/components/device/silabs/si91x/mcu/drivers/cmsis_driver/USART.o
                0x08206e88                IRQ038_Handler
 .text.IRQ039_Handler
                0x08206e94        0xc ./wiseconnect3_sdk_3.3.3/components/device/silabs/si91x/mcu/drivers/cmsis_driver/USART.o
                0x08206e94                IRQ039_Handler
 .text.IRQ012_Handler
                0x08206ea0        0xc ./wiseconnect3_sdk_3.3.3/components/device/silabs/si91x/mcu/drivers/cmsis_driver/USART.o
                0x08206ea0                IRQ012_Handler
 .text.RSI_ULPUartHandler
                0x08206eac        0x4 ./wiseconnect3_sdk_3.3.3/components/device/silabs/si91x/mcu/drivers/cmsis_driver/USART.o
                0x08206eac                RSI_ULPUartHandler
 .text.RSI_CLK_GetBaseClock
                0x08206eb0      0x50c ./wiseconnect3_sdk_3.3.3/components/device/silabs/si91x/mcu/drivers/peripheral_drivers/src/clock_update.o
                0x08206eb0                RSI_CLK_GetBaseClock
 .text.udma_init
                0x082073bc       0x34 ./wiseconnect3_sdk_3.3.3/components/device/silabs/si91x/mcu/drivers/peripheral_drivers/src/rsi_udma.o
                0x082073bc                udma_init
 .text.udma_setup_channel_transfer
                0x082073f0      0x168 ./wiseconnect3_sdk_3.3.3/components/device/silabs/si91x/mcu/drivers/peripheral_drivers/src/rsi_udma.o
                0x082073f0                udma_setup_channel_transfer
 .text.udma_interrupt_enable
                0x08207558       0x48 ./wiseconnect3_sdk_3.3.3/components/device/silabs/si91x/mcu/drivers/peripheral_drivers/src/rsi_udma.o
                0x08207558                udma_interrupt_enable
 .text.RSI_UDMA_AckEnable
                0x082075a0       0x60 ./wiseconnect3_sdk_3.3.3/components/device/silabs/si91x/mcu/drivers/peripheral_drivers/src/rsi_udma.o
                0x082075a0                RSI_UDMA_AckEnable
 .text.udma_setup_channel
                0x08207600       0x74 ./wiseconnect3_sdk_3.3.3/components/device/silabs/si91x/mcu/drivers/peripheral_drivers/src/rsi_udma.o
                0x08207600                udma_setup_channel
 .text.uDMAx_Initialize
                0x08207674       0xf0 ./wiseconnect3_sdk_3.3.3/components/device/silabs/si91x/mcu/drivers/peripheral_drivers/src/rsi_udma_wrapper.o
                0x08207674                uDMAx_Initialize
 .text.uDMAx_Uninitialize
                0x08207764       0x94 ./wiseconnect3_sdk_3.3.3/components/device/silabs/si91x/mcu/drivers/peripheral_drivers/src/rsi_udma_wrapper.o
                0x08207764                uDMAx_Uninitialize
 .text.uDMAx_ChannelConfigure
                0x082077f8       0xd4 ./wiseconnect3_sdk_3.3.3/components/device/silabs/si91x/mcu/drivers/peripheral_drivers/src/rsi_udma_wrapper.o
                0x082077f8                uDMAx_ChannelConfigure
 .text.uDMAx_ChannelEnable
                0x082078cc       0x10 ./wiseconnect3_sdk_3.3.3/components/device/silabs/si91x/mcu/drivers/peripheral_drivers/src/rsi_udma_wrapper.o
                0x082078cc                uDMAx_ChannelEnable
 .text.uDMAx_DMAEnable
                0x082078dc        0xe ./wiseconnect3_sdk_3.3.3/components/device/silabs/si91x/mcu/drivers/peripheral_drivers/src/rsi_udma_wrapper.o
                0x082078dc                uDMAx_DMAEnable
 .text.uDMAx_ChannelDisable
                0x082078ea       0x10 ./wiseconnect3_sdk_3.3.3/components/device/silabs/si91x/mcu/drivers/peripheral_drivers/src/rsi_udma_wrapper.o
                0x082078ea                uDMAx_ChannelDisable
 *fill*         0x082078fa        0x2 
 .text.RSI_EGPIO_SetPinMux
                0x082078fc       0x14 ./wiseconnect3_sdk_3.3.3/components/device/silabs/si91x/mcu/drivers/peripheral_drivers/src/rsi_usart.o
 .text.RSI_EGPIO_HostPadsGpioModeEnable
                0x08207910       0x10 ./wiseconnect3_sdk_3.3.3/components/device/silabs/si91x/mcu/drivers/peripheral_drivers/src/rsi_usart.o
 .text.RSI_EGPIO_PadSelectionEnable
                0x08207920       0x10 ./wiseconnect3_sdk_3.3.3/components/device/silabs/si91x/mcu/drivers/peripheral_drivers/src/rsi_usart.o
 .text.RSI_EGPIO_PadReceiverEnable
                0x08207930       0x10 ./wiseconnect3_sdk_3.3.3/components/device/silabs/si91x/mcu/drivers/peripheral_drivers/src/rsi_usart.o
 .text.RSI_EGPIO_UlpPadReceiverEnable
                0x08207940       0x10 ./wiseconnect3_sdk_3.3.3/components/device/silabs/si91x/mcu/drivers/peripheral_drivers/src/rsi_usart.o
 .text.UartIrqHandler
                0x08207950      0x1f0 ./wiseconnect3_sdk_3.3.3/components/device/silabs/si91x/mcu/drivers/peripheral_drivers/src/rsi_usart.o
                0x08207950                UartIrqHandler
 .text.USART_SetBaudrate
                0x08207b40       0x50 ./wiseconnect3_sdk_3.3.3/components/device/silabs/si91x/mcu/drivers/peripheral_drivers/src/rsi_usart.o
                0x08207b40                USART_SetBaudrate
 .text.USART_Initialize
                0x08207b90      0x11c ./wiseconnect3_sdk_3.3.3/components/device/silabs/si91x/mcu/drivers/peripheral_drivers/src/rsi_usart.o
                0x08207b90                USART_Initialize
 .text.USART_Uninitialize
                0x08207cac       0x9c ./wiseconnect3_sdk_3.3.3/components/device/silabs/si91x/mcu/drivers/peripheral_drivers/src/rsi_usart.o
                0x08207cac                USART_Uninitialize
 .text.USART_PowerControl
                0x08207d48      0x150 ./wiseconnect3_sdk_3.3.3/components/device/silabs/si91x/mcu/drivers/peripheral_drivers/src/rsi_usart.o
                0x08207d48                USART_PowerControl
 .text.USART_Send_Data
                0x08207e98      0x148 ./wiseconnect3_sdk_3.3.3/components/device/silabs/si91x/mcu/drivers/peripheral_drivers/src/rsi_usart.o
                0x08207e98                USART_Send_Data
 .text.USART_Receive_Data
                0x08207fe0      0x12c ./wiseconnect3_sdk_3.3.3/components/device/silabs/si91x/mcu/drivers/peripheral_drivers/src/rsi_usart.o
                0x08207fe0                USART_Receive_Data
 .text.USART_Transfer
                0x0820810c       0x72 ./wiseconnect3_sdk_3.3.3/components/device/silabs/si91x/mcu/drivers/peripheral_drivers/src/rsi_usart.o
                0x0820810c                USART_Transfer
 .text.USART_GetTxCount
                0x0820817e        0x6 ./wiseconnect3_sdk_3.3.3/components/device/silabs/si91x/mcu/drivers/peripheral_drivers/src/rsi_usart.o
                0x0820817e                USART_GetTxCount
 .text.USART_GetRxCount
                0x08208184        0x6 ./wiseconnect3_sdk_3.3.3/components/device/silabs/si91x/mcu/drivers/peripheral_drivers/src/rsi_usart.o
                0x08208184                USART_GetRxCount
 *fill*         0x0820818a        0x2 
 .text.USART_Control
                0x0820818c      0x8e8 ./wiseconnect3_sdk_3.3.3/components/device/silabs/si91x/mcu/drivers/peripheral_drivers/src/rsi_usart.o
                0x0820818c                USART_Control
 .text.USART_GetStatus
                0x08208a74       0x42 ./wiseconnect3_sdk_3.3.3/components/device/silabs/si91x/mcu/drivers/peripheral_drivers/src/rsi_usart.o
                0x08208a74                USART_GetStatus
 *fill*         0x08208ab6        0x2 
 .text.USART_SetModemControl
                0x08208ab8       0x84 ./wiseconnect3_sdk_3.3.3/components/device/silabs/si91x/mcu/drivers/peripheral_drivers/src/rsi_usart.o
                0x08208ab8                USART_SetModemControl
 .text.USART_GetModemStatus
                0x08208b3c       0x5c ./wiseconnect3_sdk_3.3.3/components/device/silabs/si91x/mcu/drivers/peripheral_drivers/src/rsi_usart.o
                0x08208b3c                USART_GetModemStatus
 .text.RSI_IPMU_UpdateIpmuCalibData_efuse
                0x08208b98      0x300 ./wiseconnect3_sdk_3.3.3/components/device/silabs/si91x/mcu/drivers/systemlevel/src/rsi_ipmu.o
                0x08208b98                RSI_IPMU_UpdateIpmuCalibData_efuse
 .text.RSI_Ipmu_Init
                0x08208e98        0x4 ./wiseconnect3_sdk_3.3.3/components/device/silabs/si91x/mcu/drivers/systemlevel/src/rsi_ipmu.o
                0x08208e98                RSI_Ipmu_Init
 .text.RSI_Configure_Ipmu_Mode
                0x08208e9c        0x6 ./wiseconnect3_sdk_3.3.3/components/device/silabs/si91x/mcu/drivers/systemlevel/src/rsi_ipmu.o
                0x08208e9c                RSI_Configure_Ipmu_Mode
 *fill*         0x08208ea2        0x2 
 .text.RSI_IPMU_ClockMuxSel
                0x08208ea4       0x40 ./wiseconnect3_sdk_3.3.3/components/device/silabs/si91x/mcu/drivers/systemlevel/src/rsi_ipmu.o
                0x08208ea4                RSI_IPMU_ClockMuxSel
 .text.RSI_IPMU_ProgramConfigData
                0x08208ee4       0xea ./wiseconnect3_sdk_3.3.3/components/device/silabs/si91x/mcu/drivers/systemlevel/src/rsi_ipmu.o
                0x08208ee4                RSI_IPMU_ProgramConfigData
 *fill*         0x08208fce        0x2 
 .text.RSI_IPMU_Retn_Voltage_Reduction
                0x08208fd0       0x14 ./wiseconnect3_sdk_3.3.3/components/device/silabs/si91x/mcu/drivers/systemlevel/src/rsi_ipmu.o
                0x08208fd0                RSI_IPMU_Retn_Voltage_Reduction
 .text.RSI_IPMU_Retn_Voltage_To_Default
                0x08208fe4       0x10 ./wiseconnect3_sdk_3.3.3/components/device/silabs/si91x/mcu/drivers/systemlevel/src/rsi_ipmu.o
                0x08208fe4                RSI_IPMU_Retn_Voltage_To_Default
 .text.RSI_IPMU_Set_Higher_Pwm_Ro_Frequency_Mode_to_PMU
                0x08208ff4       0x14 ./wiseconnect3_sdk_3.3.3/components/device/silabs/si91x/mcu/drivers/systemlevel/src/rsi_ipmu.o
                0x08208ff4                RSI_IPMU_Set_Higher_Pwm_Ro_Frequency_Mode_to_PMU
 .text.RSI_IPMU_M32rc_OscTrimEfuse
                0x08209008       0x28 ./wiseconnect3_sdk_3.3.3/components/device/silabs/si91x/mcu/drivers/systemlevel/src/rsi_ipmu.o
                0x08209008                RSI_IPMU_M32rc_OscTrimEfuse
 .text.RSI_IPMU_DBLR32M_TrimEfuse
                0x08209030       0x18 ./wiseconnect3_sdk_3.3.3/components/device/silabs/si91x/mcu/drivers/systemlevel/src/rsi_ipmu.o
                0x08209030                RSI_IPMU_DBLR32M_TrimEfuse
 .text.RSI_IPMU_M20roOsc_TrimEfuse
                0x08209048       0x28 ./wiseconnect3_sdk_3.3.3/components/device/silabs/si91x/mcu/drivers/systemlevel/src/rsi_ipmu.o
                0x08209048                RSI_IPMU_M20roOsc_TrimEfuse
 .text.RSI_IPMU_RO32khz_TrimEfuse
                0x08209070       0x18 ./wiseconnect3_sdk_3.3.3/components/device/silabs/si91x/mcu/drivers/systemlevel/src/rsi_ipmu.o
                0x08209070                RSI_IPMU_RO32khz_TrimEfuse
 .text.RSI_IPMU_RC32khz_TrimEfuse
                0x08209088       0x18 ./wiseconnect3_sdk_3.3.3/components/device/silabs/si91x/mcu/drivers/systemlevel/src/rsi_ipmu.o
                0x08209088                RSI_IPMU_RC32khz_TrimEfuse
 .text._usdelay
                0x082090a0        0x6 ./wiseconnect3_sdk_3.3.3/components/device/silabs/si91x/mcu/drivers/systemlevel/src/rsi_pll.o
 *fill*         0x082090a6        0x2 
 .text.ulpss_enable_ref_clks
                0x082090a8       0xf8 ./wiseconnect3_sdk_3.3.3/components/device/silabs/si91x/mcu/drivers/systemlevel/src/rsi_pll.o
                0x082090a8                ulpss_enable_ref_clks
 .text.clk_m4ss_ref_clk_config
                0x082091a0       0xcc ./wiseconnect3_sdk_3.3.3/components/device/silabs/si91x/mcu/drivers/systemlevel/src/rsi_pll.o
                0x082091a0                clk_m4ss_ref_clk_config
 .text.ulpss_ref_clk_config
                0x0820926c       0xbc ./wiseconnect3_sdk_3.3.3/components/device/silabs/si91x/mcu/drivers/systemlevel/src/rsi_ulpss_clk.o
                0x0820926c                ulpss_ref_clk_config
 .text.sl_mv_m4_app_from_flash_to_ram
                0x08209328       0x50 ./wiseconnect3_sdk_3.3.3/components/device/silabs/si91x/wireless/ahb_interface/src/rsi_hal_mcu_m4_ram.o
                0x08209328                sl_mv_m4_app_from_flash_to_ram
 .text.sli_si91x_raise_pkt_pending_interrupt_to_ta
                0x08209378       0x20 ./wiseconnect3_sdk_3.3.3/components/device/silabs/si91x/wireless/ahb_interface/src/rsi_hal_mcu_m4_rom.o
                0x08209378                sli_si91x_raise_pkt_pending_interrupt_to_ta
 .text.raise_m4_to_ta_interrupt
                0x08209398        0xc ./wiseconnect3_sdk_3.3.3/components/device/silabs/si91x/wireless/ahb_interface/src/rsi_hal_mcu_m4_rom.o
                0x08209398                raise_m4_to_ta_interrupt
 .text.mask_ta_interrupt
                0x082093a4        0xc ./wiseconnect3_sdk_3.3.3/components/device/silabs/si91x/wireless/ahb_interface/src/rsi_hal_mcu_m4_rom.o
                0x082093a4                mask_ta_interrupt
 .text.sli_receive_from_ta_done_isr
                0x082093b0       0x20 ./wiseconnect3_sdk_3.3.3/components/device/silabs/si91x/wireless/ahb_interface/src/rsi_hal_mcu_m4_rom.o
                0x082093b0                sli_receive_from_ta_done_isr
 .text.sli_m4_interrupt_isr
                0x082093d0       0xa0 ./wiseconnect3_sdk_3.3.3/components/device/silabs/si91x/wireless/ahb_interface/src/rsi_hal_mcu_m4_rom.o
                0x082093d0                sli_m4_interrupt_isr
 .text.sl_si91x_bus_read_interrupt_status
                0x08209470       0x10 ./wiseconnect3_sdk_3.3.3/components/device/silabs/si91x/wireless/ahb_interface/src/rsi_hal_mcu_m4_rom.o
                0x08209470                sl_si91x_bus_read_interrupt_status
 .text.si91x_req_wakeup
                0x08209480       0x20 ./wiseconnect3_sdk_3.3.3/components/device/silabs/si91x/wireless/ahb_interface/src/rsi_hal_mcu_m4_rom.o
                0x08209480                si91x_req_wakeup
 .text.sl_si91x_host_clear_sleep_indicator
                0x082094a0       0x14 ./wiseconnect3_sdk_3.3.3/components/device/silabs/si91x/wireless/ahb_interface/src/rsi_hal_mcu_m4_rom.o
                0x082094a0                sl_si91x_host_clear_sleep_indicator
 .text.sli_si91x_raise_xtal_interrupt_to_ta
                0x082094b4       0x38 ./wiseconnect3_sdk_3.3.3/components/device/silabs/si91x/wireless/ahb_interface/src/rsi_hal_mcu_m4_rom.o
                0x082094b4                sli_si91x_raise_xtal_interrupt_to_ta
 .text.sli_si91x_send_m4_xtal_usage_notification_to_ta
                0x082094ec       0x24 ./wiseconnect3_sdk_3.3.3/components/device/silabs/si91x/wireless/ahb_interface/src/rsi_hal_mcu_m4_rom.o
                0x082094ec                sli_si91x_send_m4_xtal_usage_notification_to_ta
 .text.IRQ074_Handler
                0x08209510        0x4 ./wiseconnect3_sdk_3.3.3/components/device/silabs/si91x/wireless/ahb_interface/src/rsi_hal_mcu_m4_rom.o
                0x08209510                IRQ074_Handler
 .text.sl_si91x_ta_events_init
                0x08209514       0x14 ./wiseconnect3_sdk_3.3.3/components/device/silabs/si91x/wireless/ahb_interface/src/rsi_hal_mcu_m4_rom.o
                0x08209514                sl_si91x_ta_events_init
 .text.sli_si91x_platform_init
                0x08209528       0x78 ./wiseconnect3_sdk_3.3.3/components/device/silabs/si91x/wireless/ahb_interface/src/sl_platform.o
                0x08209528                sli_si91x_platform_init
 .text.si91x_bootup_firmware
                0x082095a0       0x94 ./wiseconnect3_sdk_3.3.3/components/device/silabs/si91x/wireless/ahb_interface/src/sl_platform.o
                0x082095a0                si91x_bootup_firmware
 .text.sli_si91x_configure_wireless_frontend_controls
                0x08209634       0x44 ./wiseconnect3_sdk_3.3.3/components/device/silabs/si91x/wireless/ahb_interface/src/sl_platform_wireless.o
                0x08209634                sli_si91x_configure_wireless_frontend_controls
 .text.sli_si91x_submit_rx_pkt
                0x08209678       0x84 ./wiseconnect3_sdk_3.3.3/components/device/silabs/si91x/wireless/ahb_interface/src/sl_si91x_bus.o
                0x08209678                sli_si91x_submit_rx_pkt
 .text.sl_si91x_bus_read_frame
                0x082096fc        0x8 ./wiseconnect3_sdk_3.3.3/components/device/silabs/si91x/wireless/ahb_interface/src/sl_si91x_bus.o
                0x082096fc                sl_si91x_bus_read_frame
 .text.sl_si91x_bus_write_frame
                0x08209704       0x24 ./wiseconnect3_sdk_3.3.3/components/device/silabs/si91x/wireless/ahb_interface/src/sl_si91x_bus.o
                0x08209704                sl_si91x_bus_write_frame
 .text.sli_submit_rx_buffer
                0x08209728       0x16 ./wiseconnect3_sdk_3.3.3/components/device/silabs/si91x/wireless/ahb_interface/src/sl_si91x_bus.o
                0x08209728                sli_submit_rx_buffer
 *fill*         0x0820973e        0x2 
 .text.rsi_update_tx_dma_desc
                0x08209740       0x28 ./wiseconnect3_sdk_3.3.3/components/device/silabs/si91x/wireless/ahb_interface/src/sl_si91x_bus.o
                0x08209740                rsi_update_tx_dma_desc
 .text.rsi_update_rx_dma_desc
                0x08209768       0x10 ./wiseconnect3_sdk_3.3.3/components/device/silabs/si91x/wireless/ahb_interface/src/sl_si91x_bus.o
                0x08209768                rsi_update_rx_dma_desc
 .text.sli_si91x_config_m4_dma_desc_on_reset
                0x08209778       0x48 ./wiseconnect3_sdk_3.3.3/components/device/silabs/si91x/wireless/ahb_interface/src/sl_si91x_bus.o
                0x08209778                sli_si91x_config_m4_dma_desc_on_reset
 .text.rsi_waitfor_boardready
                0x082097c0       0x44 ./wiseconnect3_sdk_3.3.3/components/device/silabs/si91x/wireless/ahb_interface/src/sli_siwx917_soc.o
                0x082097c0                rsi_waitfor_boardready
 .text.rsi_select_option
                0x08209804       0x80 ./wiseconnect3_sdk_3.3.3/components/device/silabs/si91x/wireless/ahb_interface/src/sli_siwx917_soc.o
                0x08209804                rsi_select_option
 .text.unmask_ta_interrupt
                0x08209884        0xc ./wiseconnect3_sdk_3.3.3/components/device/silabs/si91x/wireless/ahb_interface/src/sli_siwx917_soc.o
                0x08209884                unmask_ta_interrupt
 .text.sli_m4_ta_interrupt_init
                0x08209890       0x2c ./wiseconnect3_sdk_3.3.3/components/device/silabs/si91x/wireless/ahb_interface/src/sli_siwx917_soc.o
                0x08209890                sli_m4_ta_interrupt_init
 .text.rsi_ble_start_advertising
                0x082098bc       0x5c ./wiseconnect3_sdk_3.3.3/components/device/silabs/si91x/wireless/ble/src/rsi_ble_gap_apis.o
                0x082098bc                rsi_ble_start_advertising
 .text.rsi_ble_set_advertise_data
                0x08209918       0x38 ./wiseconnect3_sdk_3.3.3/components/device/silabs/si91x/wireless/ble/src/rsi_ble_gap_apis.o
                0x08209918                rsi_ble_set_advertise_data
 .text.rsi_ble_conn_params_update
                0x08209950       0x30 ./wiseconnect3_sdk_3.3.3/components/device/silabs/si91x/wireless/ble/src/rsi_ble_gap_apis.o
                0x08209950                rsi_ble_conn_params_update
 .text.rsi_ble_set_data_len
                0x08209980       0x26 ./wiseconnect3_sdk_3.3.3/components/device/silabs/si91x/wireless/ble/src/rsi_ble_gap_apis.o
                0x08209980                rsi_ble_set_data_len
 .text.rsi_ble_add_service
                0x082099a6       0x30 ./wiseconnect3_sdk_3.3.3/components/device/silabs/si91x/wireless/ble/src/rsi_ble_gatt_apis.o
                0x082099a6                rsi_ble_add_service
 .text.rsi_ble_add_attribute
                0x082099d6        0xa ./wiseconnect3_sdk_3.3.3/components/device/silabs/si91x/wireless/ble/src/rsi_ble_gatt_apis.o
                0x082099d6                rsi_ble_add_attribute
 .text.rsi_ble_set_local_att_value
                0x082099e0       0x3a ./wiseconnect3_sdk_3.3.3/components/device/silabs/si91x/wireless/ble/src/rsi_ble_gatt_apis.o
                0x082099e0                rsi_ble_set_local_att_value
 .text.rsi_ble_mtu_exchange_event
                0x08209a1a       0x24 ./wiseconnect3_sdk_3.3.3/components/device/silabs/si91x/wireless/ble/src/rsi_ble_gatt_apis.o
                0x08209a1a                rsi_ble_mtu_exchange_event
 *fill*         0x08209a3e        0x2 
 .text.rsi_bt_get_proto_type
                0x08209a40      0x10c ./wiseconnect3_sdk_3.3.3/components/device/silabs/si91x/wireless/ble/src/rsi_bt_ble.o
                0x08209a40                rsi_bt_get_proto_type
 .text.rsi_bt_get_timeout
                0x08209b4c       0x88 ./wiseconnect3_sdk_3.3.3/components/device/silabs/si91x/wireless/ble/src/rsi_bt_ble.o
                0x08209b4c                rsi_bt_get_timeout
 .text.rsi_bt_common_tx_done
                0x08209bd4       0x32 ./wiseconnect3_sdk_3.3.3/components/device/silabs/si91x/wireless/ble/src/rsi_bt_ble.o
                0x08209bd4                rsi_bt_common_tx_done
 *fill*         0x08209c06        0x2 
 .text.rsi_ble_update_le_dev_buf
                0x08209c08       0x5c ./wiseconnect3_sdk_3.3.3/components/device/silabs/si91x/wireless/ble/src/rsi_bt_ble.o
                0x08209c08                rsi_ble_update_le_dev_buf
 .text.rsi_add_remote_ble_dev_info
                0x08209c64       0x50 ./wiseconnect3_sdk_3.3.3/components/device/silabs/si91x/wireless/ble/src/rsi_bt_ble.o
                0x08209c64                rsi_add_remote_ble_dev_info
 .text.rsi_remove_remote_ble_dev_info
                0x08209cb4       0x58 ./wiseconnect3_sdk_3.3.3/components/device/silabs/si91x/wireless/ble/src/rsi_bt_ble.o
                0x08209cb4                rsi_remove_remote_ble_dev_info
 .text.rsi_ble_callbacks_handler
                0x08209d0c      0x3e0 ./wiseconnect3_sdk_3.3.3/components/device/silabs/si91x/wireless/ble/src/rsi_bt_ble.o
                0x08209d0c                rsi_ble_callbacks_handler
 .text.rsi_driver_process_bt_resp
                0x0820a0ec       0xd8 ./wiseconnect3_sdk_3.3.3/components/device/silabs/si91x/wireless/ble/src/rsi_bt_ble.o
                0x0820a0ec                rsi_driver_process_bt_resp
 .text.rsi_driver_process_bt_resp_handler
                0x0820a1c4       0x58 ./wiseconnect3_sdk_3.3.3/components/device/silabs/si91x/wireless/ble/src/rsi_bt_ble.o
                0x0820a1c4                rsi_driver_process_bt_resp_handler
 .text.rsi_bt_cb_init
                0x0820a21c       0x4c ./wiseconnect3_sdk_3.3.3/components/device/silabs/si91x/wireless/ble/src/rsi_bt_ble.o
                0x0820a21c                rsi_bt_cb_init
 .text.rsi_bt_global_cb_init
                0x0820a268        0xc ./wiseconnect3_sdk_3.3.3/components/device/silabs/si91x/wireless/ble/src/rsi_bt_ble.o
                0x0820a268                rsi_bt_global_cb_init
 .text.rsi_bt_common_init
                0x0820a274       0x24 ./wiseconnect3_sdk_3.3.3/components/device/silabs/si91x/wireless/ble/src/rsi_bt_ble.o
                0x0820a274                rsi_bt_common_init
 .text.rsi_ble_gap_register_callbacks
                0x0820a298       0x3c ./wiseconnect3_sdk_3.3.3/components/device/silabs/si91x/wireless/ble/src/rsi_bt_ble.o
                0x0820a298                rsi_ble_gap_register_callbacks
 .text.rsi_ble_gap_extended_register_callbacks
                0x0820a2d4       0x14 ./wiseconnect3_sdk_3.3.3/components/device/silabs/si91x/wireless/ble/src/rsi_bt_ble.o
                0x0820a2d4                rsi_ble_gap_extended_register_callbacks
 .text.rsi_ble_gatt_register_callbacks
                0x0820a2e8       0x74 ./wiseconnect3_sdk_3.3.3/components/device/silabs/si91x/wireless/ble/src/rsi_bt_ble.o
                0x0820a2e8                rsi_ble_gatt_register_callbacks
 .text.rsi_bt_prepare_common_pkt
                0x0820a35c      0x14c ./wiseconnect3_sdk_3.3.3/components/device/silabs/si91x/wireless/ble/src/rsi_bt_ble.o
                0x0820a35c                rsi_bt_prepare_common_pkt
 .text.rsi_bt_prepare_le_pkt
                0x0820a4a8      0x760 ./wiseconnect3_sdk_3.3.3/components/device/silabs/si91x/wireless/ble/src/rsi_bt_ble.o
                0x0820a4a8                rsi_bt_prepare_le_pkt
 .text.rsi_bt_driver_send_cmd
                0x0820ac08      0x1bc ./wiseconnect3_sdk_3.3.3/components/device/silabs/si91x/wireless/ble/src/rsi_bt_ble.o
                0x0820ac08                rsi_bt_driver_send_cmd
 .text.rsi_bt_set_local_name
                0x0820adc4       0x48 ./wiseconnect3_sdk_3.3.3/components/device/silabs/si91x/wireless/ble/src/rsi_bt_common_apis.o
                0x0820adc4                rsi_bt_set_local_name
 .text.rsi_ble_driver_init
                0x0820ae0c       0xa0 ./wiseconnect3_sdk_3.3.3/components/device/silabs/si91x/wireless/ble/src/rsi_common_apis.o
                0x0820ae0c                rsi_ble_driver_init
 .text.rsi_uint16_to_2bytes
                0x0820aeac       0x1c ./wiseconnect3_sdk_3.3.3/components/device/silabs/si91x/wireless/ble/src/rsi_utils.o
                0x0820aeac                rsi_uint16_to_2bytes
 .text.rsi_bytes2R_to_uint16
                0x0820aec8       0x14 ./wiseconnect3_sdk_3.3.3/components/device/silabs/si91x/wireless/ble/src/rsi_utils.o
                0x0820aec8                rsi_bytes2R_to_uint16
 .text.rsi_ascii_hex2num
                0x0820aedc       0x2e ./wiseconnect3_sdk_3.3.3/components/device/silabs/si91x/wireless/ble/src/rsi_utils.o
                0x0820aedc                rsi_ascii_hex2num
 .text.rsi_char_hex2dec
                0x0820af0a       0x2a ./wiseconnect3_sdk_3.3.3/components/device/silabs/si91x/wireless/ble/src/rsi_utils.o
                0x0820af0a                rsi_char_hex2dec
 .text.rsi_ascii_dev_address_to_6bytes_rev
                0x0820af34       0x78 ./wiseconnect3_sdk_3.3.3/components/device/silabs/si91x/wireless/ble/src/rsi_utils.o
                0x0820af34                rsi_ascii_dev_address_to_6bytes_rev
 .text.hex_to_ascii
                0x0820afac       0x12 ./wiseconnect3_sdk_3.3.3/components/device/silabs/si91x/wireless/ble/src/rsi_utils.o
                0x0820afac                hex_to_ascii
 .text.rsi_6byte_dev_address_to_ascii
                0x0820afbe       0x36 ./wiseconnect3_sdk_3.3.3/components/device/silabs/si91x/wireless/ble/src/rsi_utils.o
                0x0820afbe                rsi_6byte_dev_address_to_ascii
 .text.sl_si91x_errno
                0x0820aff4       0x1c ./wiseconnect3_sdk_3.3.3/components/device/silabs/si91x/wireless/errno/src/sl_si91x_errno.o
                0x0820aff4                sl_si91x_errno
 .text.sl_si91x_bus_rx_irq_handler
                0x0820b010        0x4 ./wiseconnect3_sdk_3.3.3/components/device/silabs/si91x/wireless/host_mcu/si91x/siwx917_soc_ncp_host.o
                0x0820b010                sl_si91x_bus_rx_irq_handler
 .text.sl_si91x_bus_rx_done_handler
                0x0820b014        0x2 ./wiseconnect3_sdk_3.3.3/components/device/silabs/si91x/wireless/host_mcu/si91x/siwx917_soc_ncp_host.o
                0x0820b014                sl_si91x_bus_rx_done_handler
 .text.sl_si91x_bus_init
                0x0820b016        0x4 ./wiseconnect3_sdk_3.3.3/components/device/silabs/si91x/wireless/host_mcu/si91x/siwx917_soc_ncp_host.o
                0x0820b016                sl_si91x_bus_init
 .text.sl_si91x_host_init
                0x0820b01a        0xa ./wiseconnect3_sdk_3.3.3/components/device/silabs/si91x/wireless/host_mcu/si91x/siwx917_soc_ncp_host.o
                0x0820b01a                sl_si91x_host_init
 .text.sl_si91x_host_hold_in_reset
                0x0820b024        0x2 ./wiseconnect3_sdk_3.3.3/components/device/silabs/si91x/wireless/host_mcu/si91x/siwx917_soc_ncp_host.o
                0x0820b024                sl_si91x_host_hold_in_reset
 .text.sl_si91x_host_release_from_reset
                0x0820b026        0x2 ./wiseconnect3_sdk_3.3.3/components/device/silabs/si91x/wireless/host_mcu/si91x/siwx917_soc_ncp_host.o
                0x0820b026                sl_si91x_host_release_from_reset
 .text.sl_si91x_host_enable_bus_interrupt
                0x0820b028        0x2 ./wiseconnect3_sdk_3.3.3/components/device/silabs/si91x/wireless/host_mcu/si91x/siwx917_soc_ncp_host.o
                0x0820b028                sl_si91x_host_enable_bus_interrupt
 *fill*         0x0820b02a        0x2 
 .text.sl_si91x_host_is_in_irq_context
                0x0820b02c       0x14 ./wiseconnect3_sdk_3.3.3/components/device/silabs/si91x/wireless/host_mcu/si91x/siwx917_soc_ncp_host.o
                0x0820b02c                sl_si91x_host_is_in_irq_context
 .text.sl_si91x_host_init_buffer_manager
                0x0820b040       0x18 ./wiseconnect3_sdk_3.3.3/components/device/silabs/si91x/wireless/memory/malloc_buffers.o
                0x0820b040                sl_si91x_host_init_buffer_manager
 .text.sl_si91x_host_allocate_buffer
                0x0820b058       0x60 ./wiseconnect3_sdk_3.3.3/components/device/silabs/si91x/wireless/memory/malloc_buffers.o
                0x0820b058                sl_si91x_host_allocate_buffer
 .text.sl_si91x_host_get_buffer_data
                0x0820b0b8       0x16 ./wiseconnect3_sdk_3.3.3/components/device/silabs/si91x/wireless/memory/malloc_buffers.o
                0x0820b0b8                sl_si91x_host_get_buffer_data
 *fill*         0x0820b0ce        0x2 
 .text.sl_si91x_host_free_buffer
                0x0820b0d0       0x24 ./wiseconnect3_sdk_3.3.3/components/device/silabs/si91x/wireless/memory/malloc_buffers.o
                0x0820b0d0                sl_si91x_host_free_buffer
 .text.convert_si91x_dns_response
                0x0820b0f4       0x2a ./wiseconnect3_sdk_3.3.3/components/device/silabs/si91x/wireless/sl_net/src/sl_net_rsi_utility.o
                0x0820b0f4                convert_si91x_dns_response
 .text.convert_si91x_event_to_sl_net_event
                0x0820b11e       0x3c ./wiseconnect3_sdk_3.3.3/components/device/silabs/si91x/wireless/sl_net/src/sl_net_rsi_utility.o
                0x0820b11e                convert_si91x_event_to_sl_net_event
 .text.si91x_node_free_function
                0x0820b15a        0x4 ./wiseconnect3_sdk_3.3.3/components/device/silabs/si91x/wireless/sl_net/src/sl_net_si91x_integration_handler.o
 *fill*         0x0820b15e        0x2 
 .text.handle_mqtt_client_asynch_events
                0x0820b160       0xe8 ./wiseconnect3_sdk_3.3.3/components/device/silabs/si91x/wireless/sl_net/src/sl_net_si91x_integration_handler.o
 .text.sl_net_si91x_event_dispatch_handler
                0x0820b248       0x98 ./wiseconnect3_sdk_3.3.3/components/device/silabs/si91x/wireless/sl_net/src/sl_net_si91x_integration_handler.o
                0x0820b248                sl_net_si91x_event_dispatch_handler
 .text.convert_to_si91x_cert_type
                0x0820b2e0       0x86 ./wiseconnect3_sdk_3.3.3/components/device/silabs/si91x/wireless/sl_net/src/sl_si91x_net_credentials.o
 .text.sl_si91x_set_credential
                0x0820b366       0x40 ./wiseconnect3_sdk_3.3.3/components/device/silabs/si91x/wireless/sl_net/src/sl_si91x_net_credentials.o
                0x0820b366                sl_si91x_set_credential
 .text.sl_si91x_host_get_credentials
                0x0820b3a6       0x4a ./wiseconnect3_sdk_3.3.3/components/device/silabs/si91x/wireless/sl_net/src/sl_si91x_net_credentials.o
                0x0820b3a6                sl_si91x_host_get_credentials
 .text.sl_si91x_configure_ip_address
                0x0820b3f0      0x1a8 ./wiseconnect3_sdk_3.3.3/components/device/silabs/si91x/wireless/sl_net/src/sl_si91x_net_internal_stack.o
                0x0820b3f0                sl_si91x_configure_ip_address
 .text.sli_handle_wifi_beacon
                0x0820b598      0x2a8 ./wiseconnect3_sdk_3.3.3/components/device/silabs/si91x/wireless/src/sl_rsi_utility.o
                0x0820b598                sli_handle_wifi_beacon
 .text.sli_wifi_flush_scan_results_database
                0x0820b840       0x1c ./wiseconnect3_sdk_3.3.3/components/device/silabs/si91x/wireless/src/sl_rsi_utility.o
                0x0820b840                sli_wifi_flush_scan_results_database
 .text.get_wifi_current_performance_profile
                0x0820b85c       0x2c ./wiseconnect3_sdk_3.3.3/components/device/silabs/si91x/wireless/src/sl_rsi_utility.o
                0x0820b85c                get_wifi_current_performance_profile
 .text.reset_coex_current_performance_profile
                0x0820b888       0x10 ./wiseconnect3_sdk_3.3.3/components/device/silabs/si91x/wireless/src/sl_rsi_utility.o
                0x0820b888                reset_coex_current_performance_profile
 .text.save_tcp_auto_close_choice
                0x0820b898        0xc ./wiseconnect3_sdk_3.3.3/components/device/silabs/si91x/wireless/src/sl_rsi_utility.o
                0x0820b898                save_tcp_auto_close_choice
 .text.get_max_tx_power
                0x0820b8a4       0x24 ./wiseconnect3_sdk_3.3.3/components/device/silabs/si91x/wireless/src/sl_rsi_utility.o
                0x0820b8a4                get_max_tx_power
 .text.set_card_ready_required
                0x0820b8c8        0xc ./wiseconnect3_sdk_3.3.3/components/device/silabs/si91x/wireless/src/sl_rsi_utility.o
                0x0820b8c8                set_card_ready_required
 .text.get_card_ready_required
                0x0820b8d4        0xc ./wiseconnect3_sdk_3.3.3/components/device/silabs/si91x/wireless/src/sl_rsi_utility.o
                0x0820b8d4                get_card_ready_required
 .text.save_coex_mode
                0x0820b8e0        0xc ./wiseconnect3_sdk_3.3.3/components/device/silabs/si91x/wireless/src/sl_rsi_utility.o
                0x0820b8e0                save_coex_mode
 .text.convert_si91x_event_to_sl_wifi_event
                0x0820b8ec      0x198 ./wiseconnect3_sdk_3.3.3/components/device/silabs/si91x/wireless/src/sl_rsi_utility.o
                0x0820b8ec                convert_si91x_event_to_sl_wifi_event
 .text.get_saved_sl_wifi_rate
                0x0820ba84       0x14 ./wiseconnect3_sdk_3.3.3/components/device/silabs/si91x/wireless/src/sl_rsi_utility.o
                0x0820ba84                get_saved_sl_wifi_rate
 .text.sl_si91x_platform_init
                0x0820ba98       0xec ./wiseconnect3_sdk_3.3.3/components/device/silabs/si91x/wireless/src/sl_rsi_utility.o
                0x0820ba98                sl_si91x_platform_init
 .text.sl_si91x_host_elapsed_time
                0x0820bb84       0x16 ./wiseconnect3_sdk_3.3.3/components/device/silabs/si91x/wireless/src/sl_rsi_utility.o
                0x0820bb84                sl_si91x_host_elapsed_time
 *fill*         0x0820bb9a        0x2 
 .text.sl_si91x_host_set_event
                0x0820bb9c       0x10 ./wiseconnect3_sdk_3.3.3/components/device/silabs/si91x/wireless/src/sl_rsi_utility.o
                0x0820bb9c                sl_si91x_host_set_event
 .text.sl_si91x_host_set_bus_event
                0x0820bbac       0x10 ./wiseconnect3_sdk_3.3.3/components/device/silabs/si91x/wireless/src/sl_rsi_utility.o
                0x0820bbac                sl_si91x_host_set_bus_event
 .text.sl_si91x_host_set_async_event
                0x0820bbbc       0x10 ./wiseconnect3_sdk_3.3.3/components/device/silabs/si91x/wireless/src/sl_rsi_utility.o
                0x0820bbbc                sl_si91x_host_set_async_event
 .text.sl_si91x_host_add_to_queue
                0x0820bbcc       0x50 ./wiseconnect3_sdk_3.3.3/components/device/silabs/si91x/wireless/src/sl_rsi_utility.o
                0x0820bbcc                sl_si91x_host_add_to_queue
 .text.sl_si91x_host_add_to_queue_with_atomic_action
                0x0820bc1c       0x58 ./wiseconnect3_sdk_3.3.3/components/device/silabs/si91x/wireless/src/sl_rsi_utility.o
                0x0820bc1c                sl_si91x_host_add_to_queue_with_atomic_action
 .text.sl_si91x_host_remove_from_queue
                0x0820bc74       0x58 ./wiseconnect3_sdk_3.3.3/components/device/silabs/si91x/wireless/src/sl_rsi_utility.o
                0x0820bc74                sl_si91x_host_remove_from_queue
 .text.sl_si91x_host_remove_node_from_queue
                0x0820bccc       0x98 ./wiseconnect3_sdk_3.3.3/components/device/silabs/si91x/wireless/src/sl_rsi_utility.o
                0x0820bccc                sl_si91x_host_remove_node_from_queue
 .text.sl_si91x_host_flush_nodes_from_queue
                0x0820bd64       0xa0 ./wiseconnect3_sdk_3.3.3/components/device/silabs/si91x/wireless/src/sl_rsi_utility.o
                0x0820bd64                sl_si91x_host_flush_nodes_from_queue
 .text.sli_si91x_flush_queue_based_on_type
                0x0820be04      0x104 ./wiseconnect3_sdk_3.3.3/components/device/silabs/si91x/wireless/src/sl_rsi_utility.o
                0x0820be04                sli_si91x_flush_queue_based_on_type
 .text.sl_si91x_host_queue_status
                0x0820bf08       0x34 ./wiseconnect3_sdk_3.3.3/components/device/silabs/si91x/wireless/src/sl_rsi_utility.o
                0x0820bf08                sl_si91x_host_queue_status
 .text.si91x_host_wait_for_event
                0x0820bf3c       0x20 ./wiseconnect3_sdk_3.3.3/components/device/silabs/si91x/wireless/src/sl_rsi_utility.o
                0x0820bf3c                si91x_host_wait_for_event
 .text.si91x_host_wait_for_bus_event
                0x0820bf5c       0x20 ./wiseconnect3_sdk_3.3.3/components/device/silabs/si91x/wireless/src/sl_rsi_utility.o
                0x0820bf5c                si91x_host_wait_for_bus_event
 .text.si91x_host_wait_for_async_event
                0x0820bf7c       0x20 ./wiseconnect3_sdk_3.3.3/components/device/silabs/si91x/wireless/src/sl_rsi_utility.o
                0x0820bf7c                si91x_host_wait_for_async_event
 .text.si91x_host_clear_events
                0x0820bf9c       0x18 ./wiseconnect3_sdk_3.3.3/components/device/silabs/si91x/wireless/src/sl_rsi_utility.o
                0x0820bf9c                si91x_host_clear_events
 .text.sl_si91x_host_power_cycle
                0x0820bfb4       0x1a ./wiseconnect3_sdk_3.3.3/components/device/silabs/si91x/wireless/src/sl_rsi_utility.o
                0x0820bfb4                sl_si91x_host_power_cycle
 *fill*         0x0820bfce        0x2 
 .text.sli_si91x_update_flash_command_status
                0x0820bfd0        0xc ./wiseconnect3_sdk_3.3.3/components/device/silabs/si91x/wireless/src/sl_rsi_utility.o
                0x0820bfd0                sli_si91x_update_flash_command_status
 .text.sl_si91x_default_handler
                0x0820bfdc       0x94 ./wiseconnect3_sdk_3.3.3/components/device/silabs/si91x/wireless/src/sl_si91x_callback_framework.o
                0x0820bfdc                sl_si91x_default_handler
 .text.sl_si91x_atomic_packet_id_allocator
                0x0820c070       0x12 ./wiseconnect3_sdk_3.3.3/components/device/silabs/si91x/wireless/src/sl_si91x_driver.o
 .text.si91x_packet_identification_function
                0x0820c082       0x20 ./wiseconnect3_sdk_3.3.3/components/device/silabs/si91x/wireless/src/sl_si91x_driver.o
 *fill*         0x0820c0a2        0x2 
 .text.sl_si91x_driver_wait_for_response_packet
                0x0820c0a4       0xbc ./wiseconnect3_sdk_3.3.3/components/device/silabs/si91x/wireless/src/sl_si91x_driver.o
                0x0820c0a4                sl_si91x_driver_wait_for_response_packet
 .text.sl_si91x_allocate_command_buffer
                0x0820c160       0x24 ./wiseconnect3_sdk_3.3.3/components/device/silabs/si91x/wireless/src/sl_si91x_driver.o